Archive member included to satisfy reference by file (symbol)

c:/nxp/mcuxpressoide_11.1.1_3241/ide/plugins/com.nxp.mcuxpresso.tools.win32_11.1.0.202001081728/tools/bin/../lib/gcc/arm-none-eabi/8.3.1/../../../../arm-none-eabi/lib/thumb/v6-m/nofp\libcr_semihost_nf.a(_cr__main.o)
                              ./startup/startup_lpc845.o (__main)
c:/nxp/mcuxpressoide_11.1.1_3241/ide/plugins/com.nxp.mcuxpresso.tools.win32_11.1.0.202001081728/tools/bin/../lib/gcc/arm-none-eabi/8.3.1/../../../../arm-none-eabi/lib/thumb/v6-m/nofp\libcr_semihost_nf.a(_cr_assert.o)
                              ./drivers/fsl_clock.o (__assertion_failed)
c:/nxp/mcuxpressoide_11.1.1_3241/ide/plugins/com.nxp.mcuxpresso.tools.win32_11.1.0.202001081728/tools/bin/../lib/gcc/arm-none-eabi/8.3.1/../../../../arm-none-eabi/lib/thumb/v6-m/nofp\libcr_semihost_nf.a(__ciob.o)
                              c:/nxp/mcuxpressoide_11.1.1_3241/ide/plugins/com.nxp.mcuxpresso.tools.win32_11.1.0.202001081728/tools/bin/../lib/gcc/arm-none-eabi/8.3.1/../../../../arm-none-eabi/lib/thumb/v6-m/nofp\libcr_semihost_nf.a(_cr_assert.o) (__Ciob)
c:/nxp/mcuxpressoide_11.1.1_3241/ide/plugins/com.nxp.mcuxpresso.tools.win32_11.1.0.202001081728/tools/bin/../lib/gcc/arm-none-eabi/8.3.1/../../../../arm-none-eabi/lib/thumb/v6-m/nofp\libcr_semihost_nf.a(__sys_appexit.o)
                              c:/nxp/mcuxpressoide_11.1.1_3241/ide/plugins/com.nxp.mcuxpresso.tools.win32_11.1.0.202001081728/tools/bin/../lib/gcc/arm-none-eabi/8.3.1/../../../../arm-none-eabi/lib/thumb/v6-m/nofp\libcr_semihost_nf.a(_cr_assert.o) (__sys_appexit)
c:/nxp/mcuxpressoide_11.1.1_3241/ide/plugins/com.nxp.mcuxpresso.tools.win32_11.1.0.202001081728/tools/bin/../lib/gcc/arm-none-eabi/8.3.1/../../../../arm-none-eabi/lib/thumb/v6-m/nofp\libcr_c.a(memcpy.o)
                              ./drivers/fsl_i2c.o (memcpy)
c:/nxp/mcuxpressoide_11.1.1_3241/ide/plugins/com.nxp.mcuxpresso.tools.win32_11.1.0.202001081728/tools/bin/../lib/gcc/arm-none-eabi/8.3.1/../../../../arm-none-eabi/lib/thumb/v6-m/nofp\libcr_c.a(memset.o)
                              ./source/bluetooth.o (memset)
c:/nxp/mcuxpressoide_11.1.1_3241/ide/plugins/com.nxp.mcuxpresso.tools.win32_11.1.0.202001081728/tools/bin/../lib/gcc/arm-none-eabi/8.3.1/../../../../arm-none-eabi/lib/thumb/v6-m/nofp\libcr_c.a(_deferredlazyseek.o)
                              c:/nxp/mcuxpressoide_11.1.1_3241/ide/plugins/com.nxp.mcuxpresso.tools.win32_11.1.0.202001081728/tools/bin/../lib/gcc/arm-none-eabi/8.3.1/../../../../arm-none-eabi/lib/thumb/v6-m/nofp\libcr_semihost_nf.a(_cr_assert.o) (__flsbuf)
c:/nxp/mcuxpressoide_11.1.1_3241/ide/plugins/com.nxp.mcuxpresso.tools.win32_11.1.0.202001081728/tools/bin/../lib/gcc/arm-none-eabi/8.3.1/../../../../arm-none-eabi/lib/thumb/v6-m/nofp\libcr_c.a(_fflush.o)
                              c:/nxp/mcuxpressoide_11.1.1_3241/ide/plugins/com.nxp.mcuxpresso.tools.win32_11.1.0.202001081728/tools/bin/../lib/gcc/arm-none-eabi/8.3.1/../../../../arm-none-eabi/lib/thumb/v6-m/nofp\libcr_c.a(_deferredlazyseek.o) (_fflush)
c:/nxp/mcuxpressoide_11.1.1_3241/ide/plugins/com.nxp.mcuxpresso.tools.win32_11.1.0.202001081728/tools/bin/../lib/gcc/arm-none-eabi/8.3.1/../../../../arm-none-eabi/lib/thumb/v6-m/nofp\libcr_c.a(_writebuf.o)
                              c:/nxp/mcuxpressoide_11.1.1_3241/ide/plugins/com.nxp.mcuxpresso.tools.win32_11.1.0.202001081728/tools/bin/../lib/gcc/arm-none-eabi/8.3.1/../../../../arm-none-eabi/lib/thumb/v6-m/nofp\libcr_c.a(_deferredlazyseek.o) (_Cwritebuf)
c:/nxp/mcuxpressoide_11.1.1_3241/ide/plugins/com.nxp.mcuxpresso.tools.win32_11.1.0.202001081728/tools/bin/../lib/gcc/arm-none-eabi/8.3.1/../../../../arm-none-eabi/lib/thumb/v6-m/nofp\libcr_c.a(alloc.o)
                              ./drivers/fsl_common.o (malloc)
c:/nxp/mcuxpressoide_11.1.1_3241/ide/plugins/com.nxp.mcuxpresso.tools.win32_11.1.0.202001081728/tools/bin/../lib/gcc/arm-none-eabi/8.3.1/../../../../arm-none-eabi/lib/thumb/v6-m/nofp\libcr_c.a(fputs.o)
                              c:/nxp/mcuxpressoide_11.1.1_3241/ide/plugins/com.nxp.mcuxpresso.tools.win32_11.1.0.202001081728/tools/bin/../lib/gcc/arm-none-eabi/8.3.1/../../../../arm-none-eabi/lib/thumb/v6-m/nofp\libcr_semihost_nf.a(_cr_assert.o) (fputs)
c:/nxp/mcuxpressoide_11.1.1_3241/ide/plugins/com.nxp.mcuxpresso.tools.win32_11.1.0.202001081728/tools/bin/../lib/gcc/arm-none-eabi/8.3.1/../../../../arm-none-eabi/lib/thumb/v6-m/nofp\libcr_c.a(fseek.o)
                              c:/nxp/mcuxpressoide_11.1.1_3241/ide/plugins/com.nxp.mcuxpresso.tools.win32_11.1.0.202001081728/tools/bin/../lib/gcc/arm-none-eabi/8.3.1/../../../../arm-none-eabi/lib/thumb/v6-m/nofp\libcr_c.a(_deferredlazyseek.o) (fseek)
c:/nxp/mcuxpressoide_11.1.1_3241/ide/plugins/com.nxp.mcuxpresso.tools.win32_11.1.0.202001081728/tools/bin/../lib/gcc/arm-none-eabi/8.3.1/../../../../arm-none-eabi/lib/thumb/v6-m/nofp\libcr_c.a(ftell.o)
[...]
Memory Configuration

Name             Origin             Length             Attributes
PROGRAM_FLASH    0x00000000         0x00010000         xr
SRAM             0x10000000         0x00003fe0         xrw
IAP_SRAM         0x10003fe0         0x00000020         xrw
*default*        0x00000000         0xffffffff

Linker script and memory map

LOAD ./utilities/fsl_debug_console.o
LOAD ./startup/startup_lpc845.o
LOAD ./source/ProyectoFinal_TDII.o
LOAD ./source/bluetooth.o
LOAD ./source/display_rtc_i2c.o
LOAD ./source/funciones.o
LOAD ./source/mtb.o
LOAD ./source/semihost_hardfault.o
LOAD ./drivers/fsl_clock.o
LOAD ./drivers/fsl_common.o
LOAD ./drivers/fsl_gpio.o
LOAD ./drivers/fsl_i2c.o
LOAD ./drivers/fsl_power.o
LOAD ./drivers/fsl_reset.o
LOAD ./drivers/fsl_sctimer.o
LOAD ./drivers/fsl_swm.o
LOAD ./drivers/fsl_usart.o
LOAD ./device/system_LPC845.o
LOAD ./component/uart/miniusart_adapter.o
LOAD ./board/board.o
LOAD ./board/clock_config.o
LOAD ./board/peripherals.o
LOAD ./board/pin_mux.o
START GROUP
LOAD c:/nxp/mcuxpressoide_11.1.1_3241/ide/plugins/com.nxp.mcuxpresso.tools.win32_11.1.0.202001081728/tools/bin/../lib/gcc/arm-none-eabi/8.3.1/../../../../arm-none-eabi/lib/thumb/v6-m/nofp\libcr_semihost_nf.a
LOAD c:/nxp/mcuxpressoide_11.1.1_3241/ide/plugins/com.nxp.mcuxpresso.tools.win32_11.1.0.202001081728/tools/bin/../lib/gcc/arm-none-eabi/8.3.1/../../../../arm-none-eabi/lib/thumb/v6-m/nofp\libcr_c.a
LOAD c:/nxp/mcuxpressoide_11.1.1_3241/ide/plugins/com.nxp.mcuxpresso.tools.win32_11.1.0.202001081728/tools/bin/../lib/gcc/arm-none-eabi/8.3.1/thumb/v6-m/nofp\libcr_eabihelpers.a
LOAD c:/nxp/mcuxpressoide_11.1.1_3241/ide/plugins/com.nxp.mcuxpresso.tools.win32_11.1.0.202001081728/tools/bin/../lib/gcc/arm-none-eabi/8.3.1/thumb/v6-m/nofp\libgcc.a
END GROUP
                0x00000000                __base_PROGRAM_FLASH = 0x0
                0x00000000                __base_Flash = 0x0
                0x00010000                __top_PROGRAM_FLASH = 0x10000
                0x00010000                __top_Flash = 0x10000
                0x10000000                __base_SRAM = 0x10000000
                0x10000000                __base_RAM = 0x10000000
                0x10003fe0                __top_SRAM = 0x10003fe0
                0x10003fe0                __top_RAM = 0x10003fe0
                0x10003fe0                __base_IAP_SRAM = 0x10003fe0
                0x10003fe0                __base_RAM2 = 0x10003fe0
                0x10004000                __top_IAP_SRAM = 0x10004000
                0x10004000                __top_RAM2 = 0x10004000

.text           0x00000000     0x58d0
 FILL mask 0xff
                0x00000000                __vectors_start__ = ABSOLUTE (.)
 *(SORT_BY_ALIGNMENT(.isr_vector))
 .isr_vector    0x00000000       0xc0 ./startup/startup_lpc845.o
                0x00000000                g_pfnVectors
                0x00000000                __Vectors
                0x000000c0                . = ALIGN (0x4)
                0x000000c0                __section_table_start = .
                0x000000c0                __data_section_table = .
                0x000000c0        0x4 LONG 0x58d0 LOADADDR (.data)
                0x000000c4        0x4 LONG 0x10000080 ADDR (.data)
                0x000000c8        0x4 LONG 0x8 SIZEOF (.data)
                0x000000cc        0x4 LONG 0x58d0 LOADADDR (.data_RAM2)
                0x000000d0        0x4 LONG 0x10003fe0 ADDR (.data_RAM2)
                0x000000d4        0x4 LONG 0x0 SIZEOF (.data_RAM2)
                0x000000d8                __data_section_table_end = .
                0x000000d8                __bss_section_table = .
                0x000000d8        0x4 LONG 0x10000088 ADDR (.bss)
                0x000000dc        0x4 LONG 0x128 SIZEOF (.bss)
                0x000000e0        0x4 LONG 0x10003fe0 ADDR (.bss_RAM2)
                0x000000e4        0x4 LONG 0x0 SIZEOF (.bss_RAM2)
                0x000000e8                __bss_section_table_end = .
                0x000000e8                __section_table_end = .
 *(SORT_BY_ALIGNMENT(.after_vectors*))
 .after_vectors.reset
                0x000000e8       0x58 ./startup/startup_lpc845.o
                0x000000e8                ResetISR
 .after_vectors.init_data
                0x00000140       0x12 ./startup/startup_lpc845.o
                0x00000140                data_init
 .after_vectors.init_bss
                0x00000152       0x10 ./startup/startup_lpc845.o
                0x00000152                bss_init
 .after_vectors
                0x00000162      0x10c ./startup/startup_lpc845.o
                0x00000162                NMI_Handler
                0x00000166                SVC_Handler
                0x00000168                PendSV_Handler
                0x0000016c                PIN_INT1_DriverIRQHandler
                0x0000016c                SPI1_DriverIRQHandler
                0x0000016c                ADC0_THCMP_DriverIRQHandler
                0x0000016c                CTIMER0_DriverIRQHandler
                0x0000016c                DMA0_DriverIRQHandler
                0x0000016c                ADC0_OVR_DriverIRQHandler
                0x0000016c                ADC0_SEQB_DriverIRQHandler
                0x0000016c                I2C3_DriverIRQHandler
                0x0000016c                SPI0_DriverIRQHandler
                0x0000016c                PIN_INT3_DriverIRQHandler
                0x0000016c                PIN_INT5_DAC1_DriverIRQHandler
                0x0000016c                PIN_INT2_DriverIRQHandler
                0x0000016c                FLASH_DriverIRQHandler
                0x0000016c                PIN_INT0_DriverIRQHandler
                0x0000016c                ADC0_SEQA_DriverIRQHandler
                0x0000016c                CMP_CAPT_DriverIRQHandler
                0x0000016c                IntDefaultHandler
                0x0000016c                Reserved22_DriverIRQHandler
                0x0000016c                WKT_DriverIRQHandler
                0x0000016c                DAC0_DriverIRQHandler
                0x0000016c                MRT0_DriverIRQHandler
                0x0000016c                PIN_INT4_DriverIRQHandler
                0x0000016c                BOD_DriverIRQHandler
                0x0000016c                WDT_DriverIRQHandler
                0x0000016e                SPI0_IRQHandler
                0x00000176                SPI1_IRQHandler
                0x0000017e                DAC0_IRQHandler
                0x00000186                USART0_IRQHandler
                0x00000196                USART2_IRQHandler
                0x0000019e                Reserved22_IRQHandler
                0x000001a6                I2C1_IRQHandler
                0x000001ae                I2C0_IRQHandler
                0x000001b6                SCT0_IRQHandler
                0x000001be                MRT0_IRQHandler
                0x000001c6                CMP_CAPT_IRQHandler
                0x000001ce                WDT_IRQHandler
                0x000001d6                BOD_IRQHandler
                0x000001de                FLASH_IRQHandler
                0x000001e6                WKT_IRQHandler
                0x000001ee                ADC0_SEQA_IRQHandler
                0x000001f6                ADC0_SEQB_IRQHandler
                0x000001fe                ADC0_THCMP_IRQHandler
                0x00000206                ADC0_OVR_IRQHandler
                0x0000020e                DMA0_IRQHandler
                0x00000216                I2C2_IRQHandler
                0x0000021e                I2C3_IRQHandler
                0x00000226                CTIMER0_IRQHandler
                0x0000022e                PIN_INT0_IRQHandler
                0x00000236                PIN_INT1_IRQHandler
                0x0000023e                PIN_INT2_IRQHandler
                0x00000246                PIN_INT3_IRQHandler
                0x0000024e                PIN_INT4_IRQHandler
                0x00000256                PIN_INT5_DAC1_IRQHandler
                0x0000025e                PIN_INT6_USART3_IRQHandler
                0x00000266                PIN_INT7_USART4_IRQHandler
 *(SORT_BY_ALIGNMENT(.text*))
 *fill*         0x0000026e        0x2 ff
 .text.main     0x00000270      0x1c0 ./source/ProyectoFinal_TDII.o
                0x00000270                main
 .text.__NVIC_EnableIRQ
                0x00000430       0x34 ./source/bluetooth.o
 .text.CLOCK_EnableClock
                0x00000464       0x54 ./source/bluetooth.o
 .text.CLOCK_DisableClock
                0x000004b8       0x58 ./source/bluetooth.o
 .text.CLOCK_Select
                0x00000510       0x38 ./source/bluetooth.o
 .text.init_SWM_USART_DEFAULT
                0x00000548       0x34 ./source/bluetooth.o
                0x00000548                init_SWM_USART_DEFAULT
 .text.Bluetooth_Init
                0x0000057c       0x5c ./source/bluetooth.o
                0x0000057c                Bluetooth_Init
 .text.Bluetooth_SendHorario
                0x000005d8       0x88 ./source/bluetooth.o
                0x000005d8                Bluetooth_SendHorario
 .text.Bluetooth_ReceiveHorario
                0x00000660      0x170 ./source/bluetooth.o
                0x00000660                Bluetooth_ReceiveHorario
 .text.USART1_IRQHandler
                0x000007d0       0xc0 ./source/bluetooth.o
                0x000007d0                USART1_IRQHandler
 .text.reset_usart
                0x00000890       0x54 ./source/bluetooth.o
                0x00000890                reset_usart
 .text.display_i2c_write_byte
                0x000008e4       0x4c ./source/display_rtc_i2c.o
                0x000008e4                display_i2c_write_byte
 .text.RTC_WriteRegister
                0x00000930       0x68 ./source/display_rtc_i2c.o
                0x00000930                RTC_WriteRegister
 .text.RTC_ReadRegister
                0x00000998       0x7c ./source/display_rtc_i2c.o
                0x00000998                RTC_ReadRegister
 .text.MostrarPantallaNormal
                0x00000a14      0x250 ./source/display_rtc_i2c.o
                0x00000a14                MostrarPantallaNormal
 .text.EditarHorarios
                0x00000c64      0xbcc ./source/display_rtc_i2c.o
                0x00000c64                EditarHorarios
 .text.LCD_SetCursor
                0x00001830       0x40 ./source/display_rtc_i2c.o
                0x00001830                LCD_SetCursor
 .text.__NVIC_SetPriority
                0x00001870       0xdc ./source/funciones.o
 .text.SysTick_Config
                0x0000194c       0x48 ./source/funciones.o
 .text.CLOCK_EnableClock
                0x00001994       0x54 ./source/funciones.o
 .text.CLOCK_DisableClock
                0x000019e8       0x58 ./source/funciones.o
 .text.CLOCK_Select
                0x00001a40       0x38 ./source/funciones.o
 .text.GPIO_Inicializacion
                0x00001a78       0xcc ./source/funciones.o
                0x00001a78                GPIO_Inicializacion
 .text.SysTick_Inicializacion
                0x00001b44       0x24 ./source/funciones.o
                0x00001b44                SysTick_Inicializacion
 .text.SysTick_Handler
                0x00001b68       0x58 ./source/funciones.o
                0x00001b68                SysTick_Handler
 .text.delay_ms
                0x00001bc0       0x30 ./source/funciones.o
                0x00001bc0                delay_ms
 .text.I2C_Inicializacion
                0x00001bf0       0x70 ./source/funciones.o
                0x00001bf0                I2C_Inicializacion
 .text.keypad_obtener_tecla
                0x00001c60       0xf0 ./source/funciones.o
                0x00001c60                keypad_obtener_tecla
 .text.keypad_esperar_tecla
                0x00001d50       0x34 ./source/funciones.o
                0x00001d50                keypad_esperar_tecla
 .text.keypad_esperar_numero
                0x00001d84       0x80 ./source/funciones.o
                0x00001d84                keypad_esperar_numero
 .text.HardFault_Handler
                0x00001e04       0x30 ./source/semihost_hardfault.o
                0x00001e04                HardFault_Handler
 .text.CLOCK_GetCoreSysClkFreq
                0x00001e34       0x24 ./drivers/fsl_clock.o
 .text.CLOCK_GetSystemPLLFreq
                0x00001e58       0x20 ./drivers/fsl_clock.o
 .text.CLOCK_GetWdtOscFreq
                0x00001e78       0x14 ./drivers/fsl_clock.o
 .text.CLOCK_GetExtClkFreq
                0x00001e8c       0x14 ./drivers/fsl_clock.o
 .text.CLOCK_UpdateClkSrc
                0x00001ea0       0x4c ./drivers/fsl_clock.o
 .text.CLOCK_GetFRG0ClkFreq
                0x00001eec       0x68 ./drivers/fsl_clock.o
                0x00001eec                CLOCK_GetFRG0ClkFreq
 .text.CLOCK_GetFRG1ClkFreq
                0x00001f54       0x68 ./drivers/fsl_clock.o
                0x00001f54                CLOCK_GetFRG1ClkFreq
 .text.CLOCK_GetMainClkFreq
                0x00001fbc       0x74 ./drivers/fsl_clock.o
                0x00001fbc                CLOCK_GetMainClkFreq
 .text.CLOCK_GetFroFreq
                0x00002030       0x78 ./drivers/fsl_clock.o
                0x00002030                CLOCK_GetFroFreq
 .text.CLOCK_GetFreq
                0x000020a8       0x90 ./drivers/fsl_clock.o
                0x000020a8                CLOCK_GetFreq
 .text.CLOCK_GetSystemPLLInClockRate
                0x00002138       0x5c ./drivers/fsl_clock.o
                0x00002138                CLOCK_GetSystemPLLInClockRate
 .text.CLOCK_SetMainClkSrc
                0x00002194       0x9c ./drivers/fsl_clock.o
                0x00002194                CLOCK_SetMainClkSrc
 .text.CLOCK_SetFroOutClkSrc
                0x00002230       0x48 ./drivers/fsl_clock.o
                0x00002230                CLOCK_SetFroOutClkSrc
 .text.CLOCK_EnableClock
                0x00002278       0x54 ./drivers/fsl_gpio.o
 .text.GPIO_PortInit
                0x000022cc       0x48 ./drivers/fsl_gpio.o
                0x000022cc                GPIO_PortInit
 .text.CLOCK_EnableClock
                0x00002314       0x54 ./drivers/fsl_i2c.o
 .text.I2C_GetInstance
                0x00002368       0x4c ./drivers/fsl_i2c.o
                0x00002368                I2C_GetInstance
 .text.I2C_MasterGetDefaultConfig
                0x000023b4       0x34 ./drivers/fsl_i2c.o
                0x000023b4                I2C_MasterGetDefaultConfig
 .text.I2C_MasterInit
                0x000023e8       0x64 ./drivers/fsl_i2c.o
                0x000023e8                I2C_MasterInit
 .text.I2C_MasterSetBaudRate
                0x0000244c       0xd0 ./drivers/fsl_i2c.o
                0x0000244c                I2C_MasterSetBaudRate
 .text.I2C_MasterStart
                0x0000251c       0x54 ./drivers/fsl_i2c.o
                0x0000251c                I2C_MasterStart
 .text.I2C_MasterStop
                0x00002570       0x30 ./drivers/fsl_i2c.o
                0x00002570                I2C_MasterStop
 .text.I2C_MasterWriteBlocking
                0x000025a0      0x10c ./drivers/fsl_i2c.o
                0x000025a0                I2C_MasterWriteBlocking
 .text.I2C_MasterReadBlocking
                0x000026ac       0xf4 ./drivers/fsl_i2c.o
                0x000026ac                I2C_MasterReadBlocking
 .text.I2C_MasterTransferBlocking
                0x000027a0      0x164 ./drivers/fsl_i2c.o
                0x000027a0                I2C_MasterTransferBlocking
 .text.I2C_TransferCommonIRQHandler
                0x00002904       0x40 ./drivers/fsl_i2c.o
 .text.I2C0_DriverIRQHandler
                0x00002944       0x20 ./drivers/fsl_i2c.o
                0x00002944                I2C0_DriverIRQHandler
 .text.I2C1_DriverIRQHandler
                0x00002964       0x20 ./drivers/fsl_i2c.o
                0x00002964                I2C1_DriverIRQHandler
 .text.I2C2_DriverIRQHandler
                0x00002984       0x20 ./drivers/fsl_i2c.o
                0x00002984                I2C2_DriverIRQHandler
 .text.RESET_SetPeripheralReset
                0x000029a4       0x70 ./drivers/fsl_reset.o
 .text.RESET_ClearPeripheralReset
                0x00002a14       0x6c ./drivers/fsl_reset.o
 .text.SCT0_DriverIRQHandler
                0x00002a80       0x1c ./drivers/fsl_sctimer.o
                0x00002a80                SCT0_DriverIRQHandler
 .text.SWM_SetMovablePinSelect
                0x00002a9c       0x98 ./drivers/fsl_swm.o
                0x00002a9c                SWM_SetMovablePinSelect
 .text.SWM_SetFixedPinSelect
                0x00002b34       0xbc ./drivers/fsl_swm.o
                0x00002b34                SWM_SetFixedPinSelect
 .text.CLOCK_EnableClock
                0x00002bf0       0x54 ./drivers/fsl_usart.o
 .text.USART_EnableContinuousSCLK
                0x00002c44       0x40 ./drivers/fsl_usart.o
 .text.USART_GetInstance
                0x00002c84       0x4c ./drivers/fsl_usart.o
                0x00002c84                USART_GetInstance
 .text.USART_Init
                0x00002cd0      0x120 ./drivers/fsl_usart.o
                0x00002cd0                USART_Init
 .text.USART_GetDefaultConfig
                0x00002df0       0x6c ./drivers/fsl_usart.o
                0x00002df0                USART_GetDefaultConfig
 .text.USART_SetBaudRate
                0x00002e5c      0x148 ./drivers/fsl_usart.o
                0x00002e5c                USART_SetBaudRate
 .text.USART_WriteBlocking
                0x00002fa4       0x60 ./drivers/fsl_usart.o
                0x00002fa4                USART_WriteBlocking
 .text.USART0_DriverIRQHandler
                0x00003004       0x24 ./drivers/fsl_usart.o
                0x00003004                USART0_DriverIRQHandler
 .text.USART1_DriverIRQHandler
                0x00003028       0x24 ./drivers/fsl_usart.o
                0x00003028                USART1_DriverIRQHandler
 .text.USART2_DriverIRQHandler
                0x0000304c       0x24 ./drivers/fsl_usart.o
                0x0000304c                USART2_DriverIRQHandler
 .text.PIN_INT6_USART3_DriverIRQHandler
                0x00003070       0x24 ./drivers/fsl_usart.o
                0x00003070                PIN_INT6_USART3_DriverIRQHandler
 .text.PIN_INT7_USART4_DriverIRQHandler
                0x00003094       0x24 ./drivers/fsl_usart.o
                0x00003094                PIN_INT7_USART4_DriverIRQHandler
 .text.SystemInit
                0x000030b8       0x2c ./device/system_LPC845.o
                0x000030b8                SystemInit
 .text.CLOCK_Select
                0x000030e4       0x38 ./board/clock_config.o
 .text.CLOCK_SetCoreSysClkDiv
                0x0000311c       0x3c ./board/clock_config.o
 .text.CLOCK_SetFroOscFreq
                0x00003158       0x24 ./board/clock_config.o
 .text.POWER_DisablePD
                0x0000317c       0x2c ./board/clock_config.o
 .text.BOARD_BootClockFRO18M
                0x000031a8       0x58 ./board/clock_config.o
                0x000031a8                BOARD_BootClockFRO18M
 .text.CLOCK_EnableClock
                0x00003200       0x54 ./board/pin_mux.o
 .text.CLOCK_DisableClock
                0x00003254       0x58 ./board/pin_mux.o
 .text.BOARD_InitSWD_DEBUGPins
                0x000032ac       0x60 ./board/pin_mux.o
                0x000032ac                BOARD_InitSWD_DEBUGPins
 .text.BOARD_InitBUTTONsPins
                0x0000330c       0x30 ./board/pin_mux.o
                0x0000330c                BOARD_InitBUTTONsPins
 .text.BOARD_InitLEDsPins
                0x0000333c       0x50 ./board/pin_mux.o
                0x0000333c                BOARD_InitLEDsPins
 .text.BOARD_InitDEBUG_UARTPins
                0x0000338c       0x60 ./board/pin_mux.o
                0x0000338c                BOARD_InitDEBUG_UARTPins
 .text.__assertion_failed
                0x000033ec       0x4c c:/nxp/mcuxpressoide_11.1.1_3241/ide/plugins/com.nxp.mcuxpresso.tools.win32_11.1.0.202001081728/tools/bin/../lib/gcc/arm-none-eabi/8.3.1/../../../../arm-none-eabi/lib/thumb/v6-m/nofp\libcr_semihost_nf.a(_cr_assert.o)
                0x000033ec                __assertion_failed
 .text.__sys_appexit
                0x00003438        0xc c:/nxp/mcuxpressoide_11.1.1_3241/ide/plugins/com.nxp.mcuxpresso.tools.win32_11.1.0.202001081728/tools/bin/../lib/gcc/arm-none-eabi/8.3.1/../../../../arm-none-eabi/lib/thumb/v6-m/nofp\libcr_semihost_nf.a(__sys_appexit.o)
                0x00003438                __sys_appexit
                0x00003438                __exit
 .text._deferredlazyseek
                0x00003444       0x40 c:/nxp/mcuxpressoide_11.1.1_3241/ide/plugins/com.nxp.mcuxpresso.tools.win32_11.1.0.202001081728/tools/bin/../lib/gcc/arm-none-eabi/8.3.1/../../../../arm-none-eabi/lib/thumb/v6-m/nofp\libcr_c.a(_deferredlazyseek.o)
                0x00003444                _deferredlazyseek
 .text.__flsbuf
                0x00003484      0x14c c:/nxp/mcuxpressoide_11.1.1_3241/ide/plugins/com.nxp.mcuxpresso.tools.win32_11.1.0.202001081728/tools/bin/../lib/gcc/arm-none-eabi/8.3.1/../../../../arm-none-eabi/lib/thumb/v6-m/nofp\libcr_c.a(_deferredlazyseek.o)
                0x00003484                __flsbuf
 .text._fflush  0x000035d0       0x5c c:/nxp/mcuxpressoide_11.1.1_3241/ide/plugins/com.nxp.mcuxpresso.tools.win32_11.1.0.202001081728/tools/bin/../lib/gcc/arm-none-eabi/8.3.1/../../../../arm-none-eabi/lib/thumb/v6-m/nofp\libcr_c.a(_fflush.o)
                0x000035d0                _fflush
 .text._Cwritebuf
                0x0000362c       0x68 c:/nxp/mcuxpressoide_11.1.1_3241/ide/plugins/com.nxp.mcuxpresso.tools.win32_11.1.0.202001081728/tools/bin/../lib/gcc/arm-none-eabi/8.3.1/../../../../arm-none-eabi/lib/thumb/v6-m/nofp\libcr_c.a(_writebuf.o)
                0x0000362c                _Cwritebuf
 .text.malloc   0x00003694       0xcc c:/nxp/mcuxpressoide_11.1.1_3241/ide/plugins/com.nxp.mcuxpresso.tools.win32_11.1.0.202001081728/tools/bin/../lib/gcc/arm-none-eabi/8.3.1/../../../../arm-none-eabi/lib/thumb/v6-m/nofp\libcr_c.a(alloc.o)
                0x00003694                malloc
 .text._Csys_alloc
                0x00003760       0x20 c:/nxp/mcuxpressoide_11.1.1_3241/ide/plugins/com.nxp.mcuxpresso.tools.win32_11.1.0.202001081728/tools/bin/../lib/gcc/arm-none-eabi/8.3.1/../../../../arm-none-eabi/lib/thumb/v6-m/nofp\libcr_c.a(alloc.o)
                0x00003760                _Csys_alloc
 .text.fseek    0x00003780       0xf0 c:/nxp/mcuxpressoide_11.1.1_3241/ide/plugins/com.nxp.mcuxpresso.tools.win32_11.1.0.202001081728/tools/bin/../lib/gcc/arm-none-eabi/8.3.1/../../../../arm-none-eabi/lib/thumb/v6-m/nofp\libcr_c.a(fseek.o)
                0x00003780                fseek
 .text.ftell    0x00003870       0x48 c:/nxp/mcuxpressoide_11.1.1_3241/ide/plugins/com.nxp.mcuxpresso.tools.win32_11.1.0.202001081728/tools/bin/../lib/gcc/arm-none-eabi/8.3.1/../../../../arm-none-eabi/lib/thumb/v6-m/nofp\libcr_c.a(ftell.o)
                0x00003870                ftell
 .text._initio  0x000038b8       0x7c c:/nxp/mcuxpressoide_11.1.1_3241/ide/plugins/com.nxp.mcuxpresso.tools.win32_11.1.0.202001081728/tools/bin/../lib/gcc/arm-none-eabi/8.3.1/../../../../arm-none-eabi/lib/thumb/v6-m/nofp\libcr_c.a(initio.o)
                0x000038b8                _initio
 .text.__vfprintf
                0x00003934      0xcd8 c:/nxp/mcuxpressoide_11.1.1_3241/ide/plugins/com.nxp.mcuxpresso.tools.win32_11.1.0.202001081728/tools/bin/../lib/gcc/arm-none-eabi/8.3.1/../../../../arm-none-eabi/lib/thumb/v6-m/nofp\libcr_c.a(printf.o)
                0x00003934                __vfprintf
 .text._sprintf
                0x0000460c       0x6c c:/nxp/mcuxpressoide_11.1.1_3241/ide/plugins/com.nxp.mcuxpresso.tools.win32_11.1.0.202001081728/tools/bin/../lib/gcc/arm-none-eabi/8.3.1/../../../../arm-none-eabi/lib/thumb/v6-m/nofp\libcr_c.a(printf.o)
                0x0000460c                _sprintf
 .text._vsnprintf
                0x00004678       0x70 c:/nxp/mcuxpressoide_11.1.1_3241/ide/plugins/com.nxp.mcuxpresso.tools.win32_11.1.0.202001081728/tools/bin/../lib/gcc/arm-none-eabi/8.3.1/../../../../arm-none-eabi/lib/thumb/v6-m/nofp\libcr_c.a(printf.o)
                0x00004678                _vsnprintf
 .text._printf  0x000046e8       0x50 c:/nxp/mcuxpressoide_11.1.1_3241/ide/plugins/com.nxp.mcuxpresso.tools.win32_11.1.0.202001081728/tools/bin/../lib/gcc/arm-none-eabi/8.3.1/../../../../arm-none-eabi/lib/thumb/v6-m/nofp\libcr_c.a(printf.o)
                0x000046e8                _printf
 .text.setvbuf  0x00004738       0x4c c:/nxp/mcuxpressoide_11.1.1_3241/ide/plugins/com.nxp.mcuxpresso.tools.win32_11.1.0.202001081728/tools/bin/../lib/gcc/arm-none-eabi/8.3.1/../../../../arm-none-eabi/lib/thumb/v6-m/nofp\libcr_c.a(setvbuf.o)
                0x00004738                setvbuf
 .text.strlen   0x00004784       0x58 c:/nxp/mcuxpressoide_11.1.1_3241/ide/plugins/com.nxp.mcuxpresso.tools.win32_11.1.0.202001081728/tools/bin/../lib/gcc/arm-none-eabi/8.3.1/../../../../arm-none-eabi/lib/thumb/v6-m/nofp\libcr_c.a(strlen.o)
                0x00004784                strlen
 .text._sbrk    0x000047dc       0x40 c:/nxp/mcuxpressoide_11.1.1_3241/ide/plugins/com.nxp.mcuxpresso.tools.win32_11.1.0.202001081728/tools/bin/../lib/gcc/arm-none-eabi/8.3.1/../../../../arm-none-eabi/lib/thumb/v6-m/nofp\libcr_c.a(_cr_sbrk.o)
                0x000047dc                _sbrk
 .text._fdopen  0x0000481c       0x74 c:/nxp/mcuxpressoide_11.1.1_3241/ide/plugins/com.nxp.mcuxpresso.tools.win32_11.1.0.202001081728/tools/bin/../lib/gcc/arm-none-eabi/8.3.1/../../../../arm-none-eabi/lib/thumb/v6-m/nofp\libcr_c.a(_fdopen.o)
                0x0000481c                _fdopen
 .text.fclose   0x00004890       0x5c c:/nxp/mcuxpressoide_11.1.1_3241/ide/plugins/com.nxp.mcuxpresso.tools.win32_11.1.0.202001081728/tools/bin/../lib/gcc/arm-none-eabi/8.3.1/../../../../arm-none-eabi/lib/thumb/v6-m/nofp\libcr_c.a(fclose.o)
                0x00004890                fclose
 .text.fflush   0x000048ec       0x44 c:/nxp/mcuxpressoide_11.1.1_3241/ide/plugins/com.nxp.mcuxpresso.tools.win32_11.1.0.202001081728/tools/bin/../lib/gcc/arm-none-eabi/8.3.1/../../../../arm-none-eabi/lib/thumb/v6-m/nofp\libcr_c.a(fflush.o)
                0x000048ec                fflush
 .text.__check_heap_overflow
                0x00004930       0x14 c:/nxp/mcuxpressoide_11.1.1_3241/ide/plugins/com.nxp.mcuxpresso.tools.win32_11.1.0.202001081728/tools/bin/../lib/gcc/arm-none-eabi/8.3.1/../../../../arm-none-eabi/lib/thumb/v6-m/nofp\libcr_c.a(_cr_check_heap.o)
                0x00004930                __check_heap_overflow
 .text._do_fflush
                0x00004944       0x44 c:/nxp/mcuxpressoide_11.1.1_3241/ide/plugins/com.nxp.mcuxpresso.tools.win32_11.1.0.202001081728/tools/bin/../lib/gcc/arm-none-eabi/8.3.1/../../../../arm-none-eabi/lib/thumb/v6-m/nofp\libcr_c.a(_do_fflush.o)
                0x00004944                _do_fflush
 .text.USART_EnableInterrupts
                0x00004988       0x1c ./source/bluetooth.o
 .text.USART_ReadByte
                0x000049a4       0x16 ./source/bluetooth.o
 .text.extract_2_digits
                0x000049ba       0x38 ./source/bluetooth.o
                0x000049ba                extract_2_digits
 .text.BCD_to_Dec
                0x000049f2       0x34 ./source/display_rtc_i2c.o
 .text.RTC_Inicializacion
                0x00004a26       0x2c ./source/display_rtc_i2c.o
                0x00004a26                RTC_Inicializacion
 .text.RTC_ObtenerHora
                0x00004a52       0xc8 ./source/display_rtc_i2c.o
                0x00004a52                RTC_ObtenerHora
 .text.LCD_SendByte
                0x00004b1a       0x7c ./source/display_rtc_i2c.o
                0x00004b1a                LCD_SendByte
 .text.LCD_Char
                0x00004b96       0x20 ./source/display_rtc_i2c.o
                0x00004b96                LCD_Char
 .text.LCD_Print
                0x00004bb6       0x28 ./source/display_rtc_i2c.o
                0x00004bb6                LCD_Print
 .text.LCD_Clear
                0x00004bde       0x12 ./source/display_rtc_i2c.o
                0x00004bde                LCD_Clear
 .text.LCD_ToggleEnable
                0x00004bf0       0x46 ./source/display_rtc_i2c.o
                0x00004bf0                LCD_ToggleEnable
 .text.LCD_Init
                0x00004c36       0x46 ./source/display_rtc_i2c.o
                0x00004c36                LCD_Init
 .text.GPIO_PinWrite
                0x00004c7c       0x2c ./source/funciones.o
 .text.GPIO_PinRead
                0x00004ca8       0x24 ./source/funciones.o
 .text.CLOCK_GetFRGInputClkFreq
                0x00004ccc       0x3e ./drivers/fsl_clock.o
 .text.GPIO_PinInit
                0x00004d0a       0xb4 ./drivers/fsl_gpio.o
                0x00004d0a                GPIO_PinInit
 .text.I2C_MasterEnable
                0x00004dbe       0x3c ./drivers/fsl_i2c.o
 .text.I2C_GetStatusFlags
                0x00004dfa       0x14 ./drivers/fsl_i2c.o
 .text.I2C_MasterClearStatusFlags
                0x00004e0e       0x1c ./drivers/fsl_i2c.o
 .text.I2C_MasterRepeatedStart
                0x00004e2a       0x32 ./drivers/fsl_i2c.o
 .text.I2C_PendingStatusWait
                0x00004e5c       0x30 ./drivers/fsl_i2c.o
 .text.RESET_PeripheralReset
                0x00004e8c       0x20 ./drivers/fsl_reset.o
                0x00004e8c                RESET_PeripheralReset
 .text.USART_EnableTx
                0x00004eac       0x46 ./drivers/fsl_usart.o
 .text.USART_EnableRx
                0x00004ef2       0x44 ./drivers/fsl_usart.o
 .text.SystemInitHook
                0x00004f36        0xa ./device/system_LPC845.o
                0x00004f36                SystemInitHook
 .text.BOARD_InitDebugConsole
                0x00004f40        0xc ./board/board.o
                0x00004f40                BOARD_InitDebugConsole
 .text.IOCON_PinMuxSet
                0x00004f4c       0x26 ./board/pin_mux.o
 .text.BOARD_InitBootPins
                0x00004f72       0x1a ./board/pin_mux.o
                0x00004f72                BOARD_InitBootPins
 .text.__main   0x00004f8c        0xc c:/nxp/mcuxpressoide_11.1.1_3241/ide/plugins/com.nxp.mcuxpresso.tools.win32_11.1.0.202001081728/tools/bin/../lib/gcc/arm-none-eabi/8.3.1/../../../../arm-none-eabi/lib/thumb/v6-m/nofp\libcr_semihost_nf.a(_cr__main.o)
                0x00004f8c                __CR_SEMIHOST
                0x00004f8c                __main
 .text.memset   0x00004f98        0x8 c:/nxp/mcuxpressoide_11.1.1_3241/ide/plugins/com.nxp.mcuxpresso.tools.win32_11.1.0.202001081728/tools/bin/../lib/gcc/arm-none-eabi/8.3.1/../../../../arm-none-eabi/lib/thumb/v6-m/nofp\libcr_c.a(memset.o)
                0x00004f98                memset
 .text.free     0x00004fa0       0x2c c:/nxp/mcuxpressoide_11.1.1_3241/ide/plugins/com.nxp.mcuxpresso.tools.win32_11.1.0.202001081728/tools/bin/../lib/gcc/arm-none-eabi/8.3.1/../../../../arm-none-eabi/lib/thumb/v6-m/nofp\libcr_c.a(alloc.o)
                0x00004fa0                free
 .text.fputs    0x00004fcc       0x2e c:/nxp/mcuxpressoide_11.1.1_3241/ide/plugins/com.nxp.mcuxpresso.tools.win32_11.1.0.202001081728/tools/bin/../lib/gcc/arm-none-eabi/8.3.1/../../../../arm-none-eabi/lib/thumb/v6-m/nofp\libcr_c.a(fputs.o)
                0x00004fcc                fputs
 .text.no_fp_display
                0x00004ffa        0x4 c:/nxp/mcuxpressoide_11.1.1_3241/ide/plugins/com.nxp.mcuxpresso.tools.win32_11.1.0.202001081728/tools/bin/../lib/gcc/arm-none-eabi/8.3.1/../../../../arm-none-eabi/lib/thumb/v6-m/nofp\libcr_c.a(printf.o)
 .text.remove   0x00004ffe       0x12 c:/nxp/mcuxpressoide_11.1.1_3241/ide/plugins/com.nxp.mcuxpresso.tools.win32_11.1.0.202001081728/tools/bin/../lib/gcc/arm-none-eabi/8.3.1/../../../../arm-none-eabi/lib/thumb/v6-m/nofp\libcr_c.a(remove.o)
                0x00004ffe                remove
 .text.__aeabi_division_idivmod
                0x00005010       0x78 c:/nxp/mcuxpressoide_11.1.1_3241/ide/plugins/com.nxp.mcuxpresso.tools.win32_11.1.0.202001081728/tools/bin/../lib/gcc/arm-none-eabi/8.3.1/thumb/v6-m/nofp\libcr_eabihelpers.a(division_32.o)
                0x00005010                __aeabi_idivmod
                0x00005010                __aeabi_idiv
                0x00005016                __aeabi_uidivmod
                0x00005016                __aeabi_uidiv
 .text.__aeabi_division_uldivmod
                0x00005088       0x5a c:/nxp/mcuxpressoide_11.1.1_3241/ide/plugins/com.nxp.mcuxpresso.tools.win32_11.1.0.202001081728/tools/bin/../lib/gcc/arm-none-eabi/8.3.1/thumb/v6-m/nofp\libcr_eabihelpers.a(division_64.o)
                0x00005088                __aeabi_uldivmod
 .text.__aeabi_division_idiv0
                0x000050e2        0x2 c:/nxp/mcuxpressoide_11.1.1_3241/ide/plugins/com.nxp.mcuxpresso.tools.win32_11.1.0.202001081728/tools/bin/../lib/gcc/arm-none-eabi/8.3.1/thumb/v6-m/nofp\libcr_eabihelpers.a(division_idiv0.o)
                0x000050e2                __aeabi_idiv0
 .text.__aeabi_llong_lmul
                0x000050e4       0x2e c:/nxp/mcuxpressoide_11.1.1_3241/ide/plugins/com.nxp.mcuxpresso.tools.win32_11.1.0.202001081728/tools/bin/../lib/gcc/arm-none-eabi/8.3.1/thumb/v6-m/nofp\libcr_eabihelpers.a(llong.o)
                0x000050e4                __aeabi_lmul
 .text.__aeabi_memset_lowlevel
                0x00005112       0x2a c:/nxp/mcuxpressoide_11.1.1_3241/ide/plugins/com.nxp.mcuxpresso.tools.win32_11.1.0.202001081728/tools/bin/../lib/gcc/arm-none-eabi/8.3.1/thumb/v6-m/nofp\libcr_eabihelpers.a(memcpy.o)
                0x00005112                __aeabi_lowlevel_memset
 .text.__sys_close
                0x0000513c        0xc c:/nxp/mcuxpressoide_11.1.1_3241/ide/plugins/com.nxp.mcuxpresso.tools.win32_11.1.0.202001081728/tools/bin/../lib/gcc/arm-none-eabi/8.3.1/../../../../arm-none-eabi/lib/thumb/v6-m/nofp\libcr_semihost_nf.a(__sys_close.o)
                0x0000513c                __sys_close
 .text.__sys_flen
                0x00005148        0xc c:/nxp/mcuxpressoide_11.1.1_3241/ide/plugins/com.nxp.mcuxpresso.tools.win32_11.1.0.202001081728/tools/bin/../lib/gcc/arm-none-eabi/8.3.1/../../../../arm-none-eabi/lib/thumb/v6-m/nofp\libcr_semihost_nf.a(__sys_flen.o)
                0x00005148                __sys_flen
 .text.__sys_istty
                0x00005154        0xc c:/nxp/mcuxpressoide_11.1.1_3241/ide/plugins/com.nxp.mcuxpresso.tools.win32_11.1.0.202001081728/tools/bin/../lib/gcc/arm-none-eabi/8.3.1/../../../../arm-none-eabi/lib/thumb/v6-m/nofp\libcr_semihost_nf.a(__sys_istty.o)
                0x00005154                __sys_istty
 .text.__sys_remove
                0x00005160        0xc c:/nxp/mcuxpressoide_11.1.1_3241/ide/plugins/com.nxp.mcuxpresso.tools.win32_11.1.0.202001081728/tools/bin/../lib/gcc/arm-none-eabi/8.3.1/../../../../arm-none-eabi/lib/thumb/v6-m/nofp\libcr_semihost_nf.a(__sys_remove.o)
                0x00005160                __sys_remove
 .text.__sys_seek
                0x0000516c        0xc c:/nxp/mcuxpressoide_11.1.1_3241/ide/plugins/com.nxp.mcuxpresso.tools.win32_11.1.0.202001081728/tools/bin/../lib/gcc/arm-none-eabi/8.3.1/../../../../arm-none-eabi/lib/thumb/v6-m/nofp\libcr_semihost_nf.a(__sys_seek.o)
                0x0000516c                __sys_seek
 .text.__sys_tmpnam
                0x00005178        0xc c:/nxp/mcuxpressoide_11.1.1_3241/ide/plugins/com.nxp.mcuxpresso.tools.win32_11.1.0.202001081728/tools/bin/../lib/gcc/arm-none-eabi/8.3.1/../../../../arm-none-eabi/lib/thumb/v6-m/nofp\libcr_semihost_nf.a(__sys_tmpnam.o)
                0x00005178                __sys_tmpnam
 .text.__sys_write
                0x00005184        0xc c:/nxp/mcuxpressoide_11.1.1_3241/ide/plugins/com.nxp.mcuxpresso.tools.win32_11.1.0.202001081728/tools/bin/../lib/gcc/arm-none-eabi/8.3.1/../../../../arm-none-eabi/lib/thumb/v6-m/nofp\libcr_semihost_nf.a(__sys_write.o)
                0x00005184                __sys_write
 *(SORT_BY_ALIGNMENT(.rodata) SORT_BY_ALIGNMENT(.rodata.*) SORT_BY_ALIGNMENT(.constdata) SORT_BY_ALIGNMENT(.constdata.*))
 .rodata.main.str1.4
                0x00005190       0x13 ./source/ProyectoFinal_TDII.o
 *fill*         0x000051a3        0x1 ff
 .rodata        0x000051a4       0x10 ./source/ProyectoFinal_TDII.o
 .rodata.Bluetooth_SendHorario.str1.4
                0x000051b4        0xe ./source/bluetooth.o
 *fill*         0x000051c2        0x2 ff
 .rodata.MostrarPantallaNormal.str1.4
                0x000051c4       0x30 ./source/display_rtc_i2c.o
 .rodata.EditarHorarios.str1.4
                0x000051f4      0x1a3 ./source/display_rtc_i2c.o
 *fill*         0x00005397        0x1 ff
 .rodata.EditarHorarios
                0x00005398       0x48 ./source/display_rtc_i2c.o
 .rodata        0x000053e0       0x10 ./source/display_rtc_i2c.o
 .rodata.KEYPAD_MAP
                0x000053f0       0x10 ./source/funciones.o
 .rodata        0x00005400        0x8 ./source/funciones.o
 .rodata.CLOCK_UpdateClkSrc.str1.4
                0x00005408       0x18 ./drivers/fsl_clock.o
 .rodata.CLOCK_GetFreq
                0x00005420       0x24 ./drivers/fsl_clock.o
 .rodata.s_gpioClockName
                0x00005444        0x4 ./drivers/fsl_gpio.o
 .rodata.s_gpioResets
                0x00005448        0x8 ./drivers/fsl_gpio.o
 .rodata.GPIO_PortInit.str1.4
                0x00005450       0x34 ./drivers/fsl_gpio.o
 .rodata.s_i2cBases
                0x00005484       0x10 ./drivers/fsl_i2c.o
 .rodata.s_i2cClocks
                0x00005494        0x8 ./drivers/fsl_i2c.o
 .rodata.s_i2cResets
                0x0000549c       0x10 ./drivers/fsl_i2c.o
 .rodata.I2C_GetInstance.str1.4
                0x000054ac       0x33 ./drivers/fsl_i2c.o
 *fill*         0x000054df        0x1 ff
 .rodata.I2C_MasterWriteBlocking.str1.4
                0x000054e0       0x20 ./drivers/fsl_i2c.o
 .rodata.I2C_MasterReadBlocking.str1.4
                0x00005500       0x20 ./drivers/fsl_i2c.o
 .rodata.I2C_MasterTransferBlocking.str1.4
                0x00005520       0x16 ./drivers/fsl_i2c.o
 *fill*         0x00005536        0x2 ff
 .rodata.RESET_SetPeripheralReset.str1.4
                0x00005538       0x20 ./drivers/fsl_reset.o
 .rodata.RESET_ClearPeripheralReset.str1.4
                0x00005558       0x20 ./drivers/fsl_reset.o
 .rodata.SWM_SetMovablePinSelect.str1.4
                0x00005578       0x4e ./drivers/fsl_swm.o
 *fill*         0x000055c6        0x2 ff
 .rodata.SWM_SetFixedPinSelect.str1.4
                0x000055c8       0x7f ./drivers/fsl_swm.o
 *fill*         0x00005647        0x1 ff
 .rodata.s_usartBaseAddrs
                0x00005648       0x14 ./drivers/fsl_usart.o
 .rodata.s_usartClock
                0x0000565c        0xa ./drivers/fsl_usart.o
 *fill*         0x00005666        0x2 ff
 .rodata.s_usartRest
                0x00005668       0x14 ./drivers/fsl_usart.o
 .rodata.USART_GetInstance.str1.4
                0x0000567c       0x32 ./drivers/fsl_usart.o
 *fill*         0x000056ae        0x2 ff
 .rodata.USART_Init.str1.4
                0x000056b0       0x4f ./drivers/fsl_usart.o
 *fill*         0x000056ff        0x1 ff
 .rodata.USART_GetDefaultConfig.str1.4
                0x00005700       0x22 ./drivers/fsl_usart.o
 *fill*         0x00005722        0x2 ff
 .rodata.USART_SetBaudRate.str1.4
                0x00005724       0x90 ./drivers/fsl_usart.o
 .rodata.USART_WriteBlocking.str1.4
                0x000057b4       0x37 ./drivers/fsl_usart.o
 *fill*         0x000057eb        0x1 ff
 .rodata.CLOCK_SetCoreSysClkDiv.str1.4
                0x000057ec       0x78 ./board/clock_config.o
 .rodata.__num_Ciob_streams
                0x00005864        0x4 c:/nxp/mcuxpressoide_11.1.1_3241/ide/plugins/com.nxp.mcuxpresso.tools.win32_11.1.0.202001081728/tools/bin/../lib/gcc/arm-none-eabi/8.3.1/../../../../arm-none-eabi/lib/thumb/v6-m/nofp\libcr_semihost_nf.a(__ciob.o)
                0x00005864                __num_Ciob_streams
 .rodata.__assertion_failed.str1.1
                0x00005868       0x15 c:/nxp/mcuxpressoide_11.1.1_3241/ide/plugins/com.nxp.mcuxpresso.tools.win32_11.1.0.202001081728/tools/bin/../lib/gcc/arm-none-eabi/8.3.1/../../../../arm-none-eabi/lib/thumb/v6-m/nofp\libcr_semihost_nf.a(_cr_assert.o)
 .rodata._Csys_alloc.str1.1
                0x0000587d       0x18 c:/nxp/mcuxpressoide_11.1.1_3241/ide/plugins/com.nxp.mcuxpresso.tools.win32_11.1.0.202001081728/tools/bin/../lib/gcc/arm-none-eabi/8.3.1/../../../../arm-none-eabi/lib/thumb/v6-m/nofp\libcr_c.a(alloc.o)
 .rodata._initio.str1.1
                0x00005895        0x4 c:/nxp/mcuxpressoide_11.1.1_3241/ide/plugins/com.nxp.mcuxpresso.tools.win32_11.1.0.202001081728/tools/bin/../lib/gcc/arm-none-eabi/8.3.1/../../../../arm-none-eabi/lib/thumb/v6-m/nofp\libcr_c.a(initio.o)
 .rodata.__vfprintf.str1.1
                0x00005899       0x35 c:/nxp/mcuxpressoide_11.1.1_3241/ide/plugins/com.nxp.mcuxpresso.tools.win32_11.1.0.202001081728/tools/bin/../lib/gcc/arm-none-eabi/8.3.1/../../../../arm-none-eabi/lib/thumb/v6-m/nofp\libcr_c.a(printf.o)
                                 0x38 (size before relaxing)
                0x000058d0                . = ALIGN (0x4)
 *fill*         0x000058ce        0x2 ff

.glue_7         0x000058d0        0x0
 .glue_7        0x000058d0        0x0 linker stubs

.glue_7t        0x000058d0        0x0
 .glue_7t       0x000058d0        0x0 linker stubs

.vfp11_veneer   0x000058d0        0x0
 .vfp11_veneer  0x000058d0        0x0 linker stubs

.v4_bx          0x000058d0        0x0
 .v4_bx         0x000058d0        0x0 linker stubs

.iplt           0x000058d0        0x0
 .iplt          0x000058d0        0x0 ./startup/startup_lpc845.o

.rel.dyn        0x000058d0        0x0
 .rel.iplt      0x000058d0        0x0 ./startup/startup_lpc845.o

.ARM.extab
 *(SORT_BY_ALIGNMENT(.ARM.extab*) SORT_BY_ALIGNMENT(.gnu.linkonce.armextab.*))

.ARM.exidx      0x000058d0        0x0
                0x000058d0                __exidx_start = .
 *(SORT_BY_ALIGNMENT(.ARM.exidx*) SORT_BY_ALIGNMENT(.gnu.linkonce.armexidx.*))
                0x000058d0                __exidx_end = .
                0x000058d0                _etext = .

.mtb_buffer_RAM2
 *(SORT_BY_ALIGNMENT(.mtb.$RAM2*))
 *(SORT_BY_ALIGNMENT(.mtb.$IAP_SRAM*))

.data_RAM2      0x10003fe0        0x0 load address 0x000058d0
 FILL mask 0xff
                [!provide]                PROVIDE (__start_data_RAM2 = .)
                [!provide]                PROVIDE (__start_data_IAP_SRAM = .)
 *(SORT_BY_ALIGNMENT(.ramfunc.$RAM2))
 *(SORT_BY_ALIGNMENT(.ramfunc.$IAP_SRAM))
 *(SORT_BY_ALIGNMENT(.data.$RAM2))
 *(SORT_BY_ALIGNMENT(.data.$IAP_SRAM))
 *(SORT_BY_ALIGNMENT(.data.$RAM2.*))
 *(SORT_BY_ALIGNMENT(.data.$IAP_SRAM.*))
                0x10003fe0                . = ALIGN (0x4)
                [!provide]                PROVIDE (__end_data_RAM2 = .)
                [!provide]                PROVIDE (__end_data_IAP_SRAM = .)

.mtb_buffer_default
                0x10000000       0x80
 *(SORT_BY_ALIGNMENT(.mtb*))
 .mtb.$RAM1     0x10000000       0x80 ./source/mtb.o
                0x10000000                __mtb_buffer__

.uninit_RESERVED
                0x10000080        0x0
                0x10000080                _start_uninit_RESERVED = .
 *(SORT_BY_ALIGNMENT(.bss.$RESERVED*))
                0x10000080                . = ALIGN (0x4)
                0x10000080                _end_uninit_RESERVED = .

.data           0x10000080        0x8 load address 0x000058d0
 FILL mask 0xff
                0x10000080                _data = .
                [!provide]                PROVIDE (__start_data_RAM = .)
                [!provide]                PROVIDE (__start_data_SRAM = .)
 *(SORT_BY_ALIGNMENT(vtable))
 *(SORT_BY_ALIGNMENT(.ramfunc*))
 *(SORT_BY_ALIGNMENT(CodeQuickAccess))
 *(SORT_BY_ALIGNMENT(DataQuickAccess))
 *(SORT_BY_ALIGNMENT(RamFunction))
 *(SORT_BY_ALIGNMENT(.data*))
 .data.SystemCoreClock
                0x10000080        0x4 ./device/system_LPC845.o
                0x10000080                SystemCoreClock
 .data.flagh2   0x10000084        0x1 ./source/ProyectoFinal_TDII.o
                0x10000084                flagh2
 .data.flagh3   0x10000085        0x1 ./source/ProyectoFinal_TDII.o
                0x10000085                flagh3
 .data.flagh4   0x10000086        0x1 ./source/ProyectoFinal_TDII.o
                0x10000086                flagh4
 .data.flag_hora
                0x10000087        0x1 ./source/ProyectoFinal_TDII.o
                0x10000087                flag_hora
                0x10000088                . = ALIGN (0x4)
                0x10000088                _edata = .
                [!provide]                PROVIDE (__end_data_RAM = .)
                [!provide]                PROVIDE (__end_data_SRAM = .)

.igot.plt       0x10000088        0x0 load address 0x000058d8
 .igot.plt      0x10000088        0x0 ./startup/startup_lpc845.o

.bss_RAM2       0x10003fe0        0x0
                [!provide]                PROVIDE (__start_bss_RAM2 = .)
                [!provide]                PROVIDE (__start_bss_IAP_SRAM = .)
 *(SORT_BY_ALIGNMENT(.bss.$RAM2))
 *(SORT_BY_ALIGNMENT(.bss.$IAP_SRAM))
 *(SORT_BY_ALIGNMENT(.bss.$RAM2.*))
 *(SORT_BY_ALIGNMENT(.bss.$IAP_SRAM.*))
                0x10003fe0                . = ALIGN ((. != 0x0)?0x4:0x1)
                [!provide]                PROVIDE (__end_bss_RAM2 = .)
                [!provide]                PROVIDE (__end_bss_IAP_SRAM = .)

.bss            0x10000088      0x128
                0x10000088                _bss = .
                [!provide]                PROVIDE (__start_bss_RAM = .)
                [!provide]                PROVIDE (__start_bss_SRAM = .)
 *(SORT_BY_ALIGNMENT(.bss*))
 .bss.rxBuffer  0x10000088       0x20 ./source/bluetooth.o
                0x10000088                rxBuffer
 .bss.g_Ext_Clk_Freq
                0x100000a8        0x4 ./drivers/fsl_clock.o
                0x100000a8                g_Ext_Clk_Freq
 .bss.g_Wdt_Osc_Freq
                0x100000ac        0x4 ./drivers/fsl_clock.o
                0x100000ac                g_Wdt_Osc_Freq
 .bss.s_i2cHandle
                0x100000b0       0x10 ./drivers/fsl_i2c.o
                0x100000b0                s_i2cHandle
 .bss.s_i2cMasterIsr
                0x100000c0        0x4 ./drivers/fsl_i2c.o
                0x100000c0                s_i2cMasterIsr
 .bss.s_i2cSlaveIsr
                0x100000c4        0x4 ./drivers/fsl_i2c.o
 .bss.s_sctimerIsr
                0x100000c8        0x4 ./drivers/fsl_sctimer.o
 .bss.s_usartHandle
                0x100000cc       0x14 ./drivers/fsl_usart.o
 .bss.s_usartIsr
                0x100000e0        0x4 ./drivers/fsl_usart.o
 .bss.__Ciob    0x100000e4       0xb4 c:/nxp/mcuxpressoide_11.1.1_3241/ide/plugins/com.nxp.mcuxpresso.tools.win32_11.1.0.202001081728/tools/bin/../lib/gcc/arm-none-eabi/8.3.1/../../../../arm-none-eabi/lib/thumb/v6-m/nofp\libcr_semihost_nf.a(__ciob.o)
                0x100000e4                __Ciob
 .bss.__end_of_heap
                0x10000198        0x4 c:/nxp/mcuxpressoide_11.1.1_3241/ide/plugins/com.nxp.mcuxpresso.tools.win32_11.1.0.202001081728/tools/bin/../lib/gcc/arm-none-eabi/8.3.1/../../../../arm-none-eabi/lib/thumb/v6-m/nofp\libcr_c.a(__init_alloc.o)
                0x10000198                __end_of_heap
 .bss.__heaps   0x1000019c        0x4 c:/nxp/mcuxpressoide_11.1.1_3241/ide/plugins/com.nxp.mcuxpresso.tools.win32_11.1.0.202001081728/tools/bin/../lib/gcc/arm-none-eabi/8.3.1/../../../../arm-none-eabi/lib/thumb/v6-m/nofp\libcr_c.a(__init_alloc.o)
                0x1000019c                __heaps
 .bss.errno     0x100001a0        0x4 c:/nxp/mcuxpressoide_11.1.1_3241/ide/plugins/com.nxp.mcuxpresso.tools.win32_11.1.0.202001081728/tools/bin/../lib/gcc/arm-none-eabi/8.3.1/../../../../arm-none-eabi/lib/thumb/v6-m/nofp\libcr_c.a(errno.o)
                0x100001a0                errno
 .bss.flag_tick
                0x100001a4        0x2 ./source/ProyectoFinal_TDII.o
                0x100001a4                flag_tick
 .bss.flag_tick_usart
                0x100001a6        0x2 ./source/ProyectoFinal_TDII.o
                0x100001a6                flag_tick_usart
 .bss.rxIndex   0x100001a8        0x2 ./source/bluetooth.o
                0x100001a8                rxIndex
 .bss.edit_menu
                0x100001aa        0x1 ./source/ProyectoFinal_TDII.o
                0x100001aa                edit_menu
 .bss.edit_mode
                0x100001ab        0x1 ./source/ProyectoFinal_TDII.o
                0x100001ab                edit_mode
 .bss.flagbluetooth
                0x100001ac        0x1 ./source/ProyectoFinal_TDII.o
                0x100001ac                flagbluetooth
 .bss.bt_ready  0x100001ad        0x1 ./source/bluetooth.o
                0x100001ad                bt_ready
 *(SORT_BY_ALIGNMENT(COMMON))
                0x100001b0                . = ALIGN (0x4)
 *fill*         0x100001ae        0x2 
                0x100001b0                _ebss = .
                [!provide]                PROVIDE (__end_bss_RAM = .)
                [!provide]                PROVIDE (__end_bss_SRAM = .)
                [!provide]                PROVIDE (end = .)

.noinit_RAM2    0x10003fe0        0x0
                [!provide]                PROVIDE (__start_noinit_RAM2 = .)
                [!provide]                PROVIDE (__start_noinit_IAP_SRAM = .)
 *(SORT_BY_ALIGNMENT(.noinit.$RAM2))
 *(SORT_BY_ALIGNMENT(.noinit.$IAP_SRAM))
 *(SORT_BY_ALIGNMENT(.noinit.$RAM2.*))
 *(SORT_BY_ALIGNMENT(.noinit.$IAP_SRAM.*))
                0x10003fe0                . = ALIGN (0x4)
                [!provide]                PROVIDE (__end_noinit_RAM2 = .)
                [!provide]                PROVIDE (__end_noinit_IAP_SRAM = .)

.noinit         0x100001b0        0x0
                0x100001b0                _noinit = .
                [!provide]                PROVIDE (__start_noinit_RAM = .)
                [!provide]                PROVIDE (__start_noinit_SRAM = .)
 *(SORT_BY_ALIGNMENT(.noinit*))
                0x100001b0                . = ALIGN (0x4)
                0x100001b0                _end_noinit = .
                [!provide]                PROVIDE (__end_noinit_RAM = .)
                [!provide]                PROVIDE (__end_noinit_SRAM = .)
                0x000003f8                _HeapSize = 0x3f8

.heap           0x100001b0      0x3f8
                0x100001b0                _pvHeapStart = .
                0x100005a8                . = (. + _HeapSize)
 *fill*         0x100001b0      0x3f8 
                0x100005a8                . = ALIGN (0x4)
                0x100005a8                _pvHeapLimit = .
                0x000003f8                _StackSize = 0x3f8

.heap2stackfill
                0x100005a8      0x3f8
                0x100009a0                . = (. + _StackSize)
 *fill*         0x100005a8      0x3f8 

.stack          0x10003be8        0x0
                0x10003be8                _vStackBase = .
                0x10003be8                . = ALIGN (0x4)
                0x10003fe0                _vStackTop = (. + _StackSize)
                0xefff9fcf                PROVIDE (__valid_user_code_checksum = (0x0 - (((_vStackTop + (ResetISR + 0x1)) + (DEFINED (NMI_Handler)?NMI_Handler:M0_NMI_Handler + 0x1)) + (DEFINED (HardFault_Handler)?HardFault_Handler:M0_HardFault_Handler + 0x1))))
                0x00000000                _image_start = LOADADDR (.text)
                0x000058d8                _image_end = (LOADADDR (.data) + SIZEOF (.data))
                0x000058d8                _image_size = (_image_end - _image_start)
OUTPUT(ProyectoFinal_TDII.axf elf32-littlearm)

.debug_info     0x00000000    0x10f34
 .debug_info    0x00000000      0x47e ./startup/startup_lpc845.o
 .debug_info    0x0000047e      0xeb3 ./source/ProyectoFinal_TDII.o
 .debug_info    0x00001331     0x1b8b ./source/bluetooth.o
 .debug_info    0x00002ebc     0x1381 ./source/display_rtc_i2c.o
 .debug_info    0x0000423d     0x1c50 ./source/funciones.o
 .debug_info    0x00005e8d       0x53 ./source/mtb.o
 .debug_info    0x00005ee0       0x3c ./source/semihost_hardfault.o
 .debug_info    0x00005f1c     0x1188 ./drivers/fsl_clock.o
 .debug_info    0x000070a4      0xd4f ./drivers/fsl_gpio.o
 .debug_info    0x00007df3     0x25bb ./drivers/fsl_i2c.o
 .debug_info    0x0000a3ae      0x780 ./drivers/fsl_reset.o
 .debug_info    0x0000ab2e     0x184b ./drivers/fsl_sctimer.o
 .debug_info    0x0000c379      0x772 ./drivers/fsl_swm.o
 .debug_info    0x0000caeb     0x1b24 ./drivers/fsl_usart.o
 .debug_info    0x0000e60f      0x6e8 ./device/system_LPC845.o
 .debug_info    0x0000ecf7      0x9b0 ./board/board.o
 .debug_info    0x0000f6a7      0xa7e ./board/clock_config.o
 .debug_info    0x00010125      0xe0f ./board/pin_mux.o

.debug_abbrev   0x00000000     0x2656
 .debug_abbrev  0x00000000      0x17a ./startup/startup_lpc845.o
 .debug_abbrev  0x0000017a      0x1cf ./source/ProyectoFinal_TDII.o
 .debug_abbrev  0x00000349      0x2fc ./source/bluetooth.o
 .debug_abbrev  0x00000645      0x2b9 ./source/display_rtc_i2c.o
 .debug_abbrev  0x000008fe      0x32d ./source/funciones.o
 .debug_abbrev  0x00000c2b       0x46 ./source/mtb.o
 .debug_abbrev  0x00000c71       0x31 ./source/semihost_hardfault.o
 .debug_abbrev  0x00000ca2      0x2ec ./drivers/fsl_clock.o
 .debug_abbrev  0x00000f8e      0x1f7 ./drivers/fsl_gpio.o
 .debug_abbrev  0x00001185      0x3bb ./drivers/fsl_i2c.o
 .debug_abbrev  0x00001540      0x197 ./drivers/fsl_reset.o
 .debug_abbrev  0x000016d7      0x37f ./drivers/fsl_sctimer.o
 .debug_abbrev  0x00001a56      0x1a0 ./drivers/fsl_swm.o
 .debug_abbrev  0x00001bf6      0x321 ./drivers/fsl_usart.o
 .debug_abbrev  0x00001f17      0x156 ./device/system_LPC845.o
 .debug_abbrev  0x0000206d      0x182 ./board/board.o
 .debug_abbrev  0x000021ef      0x225 ./board/clock_config.o
 .debug_abbrev  0x00002414      0x242 ./board/pin_mux.o

.debug_aranges  0x00000000      0x9b8
 .debug_aranges
                0x00000000      0x160 ./startup/startup_lpc845.o
 .debug_aranges
                0x00000160       0x20 ./source/ProyectoFinal_TDII.o
 .debug_aranges
                0x00000180       0x90 ./source/bluetooth.o
 .debug_aranges
                0x00000210       0x90 ./source/display_rtc_i2c.o
 .debug_aranges
                0x000002a0       0x98 ./source/funciones.o
 .debug_aranges
                0x00000338       0x18 ./source/mtb.o
 .debug_aranges
                0x00000350       0x20 ./source/semihost_hardfault.o
 .debug_aranges
                0x00000370      0x100 ./drivers/fsl_clock.o
 .debug_aranges
                0x00000470       0x30 ./drivers/fsl_gpio.o
 .debug_aranges
                0x000004a0      0x1c0 ./drivers/fsl_i2c.o
 .debug_aranges
                0x00000660       0x30 ./drivers/fsl_reset.o
 .debug_aranges
                0x00000690       0xd0 ./drivers/fsl_sctimer.o
 .debug_aranges
                0x00000760       0x28 ./drivers/fsl_swm.o
 .debug_aranges
                0x00000788      0x128 ./drivers/fsl_usart.o
 .debug_aranges
                0x000008b0       0x30 ./device/system_LPC845.o
 .debug_aranges
                0x000008e0       0x20 ./board/board.o
 .debug_aranges
                0x00000900       0x60 ./board/clock_config.o
 .debug_aranges
                0x00000960       0x58 ./board/pin_mux.o

.debug_ranges   0x00000000      0x8f0
 .debug_ranges  0x00000000      0x150 ./startup/startup_lpc845.o
 .debug_ranges  0x00000150       0x10 ./source/ProyectoFinal_TDII.o
 .debug_ranges  0x00000160       0x98 ./source/bluetooth.o
 .debug_ranges  0x000001f8       0x80 ./source/display_rtc_i2c.o
 .debug_ranges  0x00000278       0x88 ./source/funciones.o
 .debug_ranges  0x00000300       0x10 ./source/semihost_hardfault.o
 .debug_ranges  0x00000310       0xf0 ./drivers/fsl_clock.o
 .debug_ranges  0x00000400       0x20 ./drivers/fsl_gpio.o
 .debug_ranges  0x00000420      0x1f8 ./drivers/fsl_i2c.o
 .debug_ranges  0x00000618       0x20 ./drivers/fsl_reset.o
 .debug_ranges  0x00000638       0xc0 ./drivers/fsl_sctimer.o
 .debug_ranges  0x000006f8       0x18 ./drivers/fsl_swm.o
 .debug_ranges  0x00000710      0x118 ./drivers/fsl_usart.o
 .debug_ranges  0x00000828       0x20 ./device/system_LPC845.o
 .debug_ranges  0x00000848       0x10 ./board/board.o
 .debug_ranges  0x00000858       0x50 ./board/clock_config.o
 .debug_ranges  0x000008a8       0x48 ./board/pin_mux.o

.debug_macro    0x00000000     0x1b9c
 .debug_macro   0x00000000       0x29 ./startup/startup_lpc845.o
 .debug_macro   0x00000029      0x1dc ./source/ProyectoFinal_TDII.o
 .debug_macro   0x00000205       0xd8 ./source/ProyectoFinal_TDII.o
 .debug_macro   0x000002dd       0x22 ./source/ProyectoFinal_TDII.o
 .debug_macro   0x000002ff       0x28 ./source/ProyectoFinal_TDII.o
 .debug_macro   0x00000327       0x10 ./source/ProyectoFinal_TDII.o
 .debug_macro   0x00000337       0xf4 ./source/ProyectoFinal_TDII.o
 .debug_macro   0x0000042b       0x9a ./source/ProyectoFinal_TDII.o
 .debug_macro   0x000004c5       0x4c ./source/ProyectoFinal_TDII.o
 .debug_macro   0x00000511       0x10 ./source/ProyectoFinal_TDII.o
 .debug_macro   0x00000521       0x10 ./source/ProyectoFinal_TDII.o
 .debug_macro   0x00000531       0x46 ./source/ProyectoFinal_TDII.o
 .debug_macro   0x00000577       0x1c ./source/ProyectoFinal_TDII.o
 .debug_macro   0x00000593       0x70 ./source/ProyectoFinal_TDII.o
 .debug_macro   0x00000603       0x52 ./source/ProyectoFinal_TDII.o
 .debug_macro   0x00000655       0xb8 ./source/ProyectoFinal_TDII.o
 .debug_macro   0x0000070d       0x22 ./source/ProyectoFinal_TDII.o
 .debug_macro   0x0000072f      0x1d9 ./source/bluetooth.o
 .debug_macro   0x00000908       0x1c ./source/bluetooth.o
 .debug_macro   0x00000924      0x1e0 ./source/display_rtc_i2c.o
 .debug_macro   0x00000b04       0xb2 ./source/display_rtc_i2c.o
 .debug_macro   0x00000bb6      0x1ca ./source/funciones.o
 .debug_macro   0x00000d80       0x2f ./source/mtb.o
 .debug_macro   0x00000daf       0x82 ./source/mtb.o
 .debug_macro   0x00000e31       0x10 ./source/mtb.o
 .debug_macro   0x00000e41       0x11 ./source/semihost_hardfault.o
 .debug_macro   0x00000e52      0x130 ./drivers/fsl_clock.o
 .debug_macro   0x00000f82       0x1c ./drivers/fsl_clock.o
 .debug_macro   0x00000f9e      0x11c ./drivers/fsl_gpio.o
 .debug_macro   0x000010ba      0x12e ./drivers/fsl_i2c.o
 .debug_macro   0x000011e8       0x16 ./drivers/fsl_i2c.o
 .debug_macro   0x000011fe       0x1c ./drivers/fsl_i2c.o
 .debug_macro   0x0000121a      0x10c ./drivers/fsl_reset.o
 .debug_macro   0x00001326      0x11c ./drivers/fsl_sctimer.o
 .debug_macro   0x00001442      0x126 ./drivers/fsl_swm.o
 .debug_macro   0x00001568      0x11b ./drivers/fsl_usart.o
 .debug_macro   0x00001683       0x16 ./drivers/fsl_usart.o
 .debug_macro   0x00001699       0x97 ./device/system_LPC845.o
 .debug_macro   0x00001730      0x14e ./board/board.o
 .debug_macro   0x0000187e       0x2e ./board/board.o
 .debug_macro   0x000018ac       0x1c ./board/board.o
 .debug_macro   0x000018c8      0x12c ./board/clock_config.o
 .debug_macro   0x000019f4      0x132 ./board/pin_mux.o
 .debug_macro   0x00001b26       0x76 ./board/pin_mux.o

.debug_line     0x00000000     0x7727
 .debug_line    0x00000000      0x1e5 ./startup/startup_lpc845.o
 .debug_line    0x000001e5      0x5ef ./source/ProyectoFinal_TDII.o
 .debug_line    0x000007d4      0x803 ./source/bluetooth.o
 .debug_line    0x00000fd7      0xd84 ./source/display_rtc_i2c.o
 .debug_line    0x00001d5b      0x88c ./source/funciones.o
 .debug_line    0x000025e7       0xd1 ./source/mtb.o
 .debug_line    0x000026b8       0x5a ./source/semihost_hardfault.o
 .debug_line    0x00002712      0xa29 ./drivers/fsl_clock.o
 .debug_line    0x0000313b      0x3a8 ./drivers/fsl_gpio.o
 .debug_line    0x000034e3     0x12c0 ./drivers/fsl_i2c.o
 .debug_line    0x000047a3      0x391 ./drivers/fsl_reset.o
 .debug_line    0x00004b34      0x9bb ./drivers/fsl_sctimer.o
 .debug_line    0x000054ef      0x3f1 ./drivers/fsl_swm.o
 .debug_line    0x000058e0      0xca2 ./drivers/fsl_usart.o
 .debug_line    0x00006582      0x3e7 ./device/system_LPC845.o
 .debug_line    0x00006969      0x423 ./board/board.o
 .debug_line    0x00006d8c      0x4c6 ./board/clock_config.o
 .debug_line    0x00007252      0x4d5 ./board/pin_mux.o

.debug_str      0x00000000    0x3ccc6
 .debug_str     0x00000000     0x31b6 ./startup/startup_lpc845.o
                               0x31ef (size before relaxing)
 .debug_str     0x000031b6    0x34445 ./source/ProyectoFinal_TDII.o
                              0x372ce (size before relaxing)
 .debug_str     0x000375fb     0x174b ./source/bluetooth.o
                              0x38785 (size before relaxing)
 .debug_str     0x00038d46      0x392 ./source/display_rtc_i2c.o
                              0x375b6 (size before relaxing)
 .debug_str     0x000390d8      0x224 ./source/funciones.o
                              0x38405 (size before relaxing)
 .debug_str     0x000392fc      0x532 ./source/mtb.o
                               0x32e9 (size before relaxing)
 .debug_str     0x0003982e       0x1f ./source/semihost_hardfault.o
                               0x2dd6 (size before relaxing)
 .debug_str     0x0003984d      0x794 ./drivers/fsl_clock.o
                              0x35e0c (size before relaxing)
 .debug_str     0x00039fe1      0x346 ./drivers/fsl_gpio.o
                              0x35aff (size before relaxing)
 .debug_str     0x0003a327      0xcc6 ./drivers/fsl_i2c.o
                              0x36dd4 (size before relaxing)
 .debug_str     0x0003afed       0xae ./drivers/fsl_reset.o
                              0x350a9 (size before relaxing)
 .debug_str     0x0003b09b      0xcff ./drivers/fsl_sctimer.o
                              0x367c6 (size before relaxing)
 .debug_str     0x0003bd9a      0x2aa ./drivers/fsl_swm.o
                              0x35672 (size before relaxing)
 .debug_str     0x0003c044      0x7b1 ./drivers/fsl_usart.o
                              0x36a15 (size before relaxing)
 .debug_str     0x0003c7f5       0x5a ./device/system_LPC845.o
                              0x3392b (size before relaxing)
 .debug_str     0x0003c84f       0x33 ./board/board.o
                              0x364f1 (size before relaxing)
 .debug_str     0x0003c882      0x29d ./board/clock_config.o
                              0x35911 (size before relaxing)
 .debug_str     0x0003cb1f      0x1a7 ./board/pin_mux.o
                              0x35fd8 (size before relaxing)

.comment        0x00000000       0x76
 .comment       0x00000000       0x76 ./startup/startup_lpc845.o
                                 0x77 (size before relaxing)
 .comment       0x00000076       0x77 ./source/ProyectoFinal_TDII.o
 .comment       0x00000076       0x77 ./source/bluetooth.o
 .comment       0x00000076       0x77 ./source/display_rtc_i2c.o
 .comment       0x00000076       0x77 ./source/funciones.o
 .comment       0x00000076       0x77 ./source/mtb.o
 .comment       0x00000076       0x77 ./source/semihost_hardfault.o
 .comment       0x00000076       0x77 ./drivers/fsl_clock.o
 .comment       0x00000076       0x77 ./drivers/fsl_gpio.o
 .comment       0x00000076       0x77 ./drivers/fsl_i2c.o
 .comment       0x00000076       0x77 ./drivers/fsl_reset.o
 .comment       0x00000076       0x77 ./drivers/fsl_sctimer.o
 .comment       0x00000076       0x77 ./drivers/fsl_swm.o
 .comment       0x00000076       0x77 ./drivers/fsl_usart.o
 .comment       0x00000076       0x77 ./device/system_LPC845.o
 .comment       0x00000076       0x77 ./board/board.o
 .comment       0x00000076       0x77 ./board/clock_config.o
 .comment       0x00000076       0x77 ./board/pin_mux.o
 .comment       0x00000076       0x77 c:/nxp/mcuxpressoide_11.1.1_3241/ide/plugins/com.nxp.mcuxpresso.tools.win32_11.1.0.202001081728/tools/bin/../lib/gcc/arm-none-eabi/8.3.1/../../../../arm-none-eabi/lib/thumb/v6-m/nofp\libcr_semihost_nf.a(_cr__main.o)
 .comment       0x00000076       0x77 c:/nxp/mcuxpressoide_11.1.1_3241/ide/plugins/com.nxp.mcuxpresso.tools.win32_11.1.0.202001081728/tools/bin/../lib/gcc/arm-none-eabi/8.3.1/../../../../arm-none-eabi/lib/thumb/v6-m/nofp\libcr_semihost_nf.a(_cr_assert.o)
 .comment       0x00000076       0x77 c:/nxp/mcuxpressoide_11.1.1_3241/ide/plugins/com.nxp.mcuxpresso.tools.win32_11.1.0.202001081728/tools/bin/../lib/gcc/arm-none-eabi/8.3.1/../../../../arm-none-eabi/lib/thumb/v6-m/nofp\libcr_semihost_nf.a(__ciob.o)
 .comment       0x00000076       0x77 c:/nxp/mcuxpressoide_11.1.1_3241/ide/plugins/com.nxp.mcuxpresso.tools.win32_11.1.0.202001081728/tools/bin/../lib/gcc/arm-none-eabi/8.3.1/../../../../arm-none-eabi/lib/thumb/v6-m/nofp\libcr_c.a(memset.o)
 .comment       0x00000076       0x77 c:/nxp/mcuxpressoide_11.1.1_3241/ide/plugins/com.nxp.mcuxpresso.tools.win32_11.1.0.202001081728/tools/bin/../lib/gcc/arm-none-eabi/8.3.1/../../../../arm-none-eabi/lib/thumb/v6-m/nofp\libcr_c.a(_deferredlazyseek.o)
 .comment       0x00000076       0x77 c:/nxp/mcuxpressoide_11.1.1_3241/ide/plugins/com.nxp.mcuxpresso.tools.win32_11.1.0.202001081728/tools/bin/../lib/gcc/arm-none-eabi/8.3.1/../../../../arm-none-eabi/lib/thumb/v6-m/nofp\libcr_c.a(_fflush.o)
 .comment       0x00000076       0x77 c:/nxp/mcuxpressoide_11.1.1_3241/ide/plugins/com.nxp.mcuxpresso.tools.win32_11.1.0.202001081728/tools/bin/../lib/gcc/arm-none-eabi/8.3.1/../../../../arm-none-eabi/lib/thumb/v6-m/nofp\libcr_c.a(_writebuf.o)
 .comment       0x00000076       0x77 c:/nxp/mcuxpressoide_11.1.1_3241/ide/plugins/com.nxp.mcuxpresso.tools.win32_11.1.0.202001081728/tools/bin/../lib/gcc/arm-none-eabi/8.3.1/../../../../arm-none-eabi/lib/thumb/v6-m/nofp\libcr_c.a(alloc.o)
 .comment       0x00000076       0x77 c:/nxp/mcuxpressoide_11.1.1_3241/ide/plugins/com.nxp.mcuxpresso.tools.win32_11.1.0.202001081728/tools/bin/../lib/gcc/arm-none-eabi/8.3.1/../../../../arm-none-eabi/lib/thumb/v6-m/nofp\libcr_c.a(fputs.o)
 .comment       0x00000076       0x77 c:/nxp/mcuxpressoide_11.1.1_3241/ide/plugins/com.nxp.mcuxpresso.tools.win32_11.1.0.202001081728/tools/bin/../lib/gcc/arm-none-eabi/8.3.1/../../../../arm-none-eabi/lib/thumb/v6-m/nofp\libcr_c.a(fseek.o)
 .comment       0x00000076       0x77 c:/nxp/mcuxpressoide_11.1.1_3241/ide/plugins/com.nxp.mcuxpresso.tools.win32_11.1.0.202001081728/tools/bin/../lib/gcc/arm-none-eabi/8.3.1/../../../../arm-none-eabi/lib/thumb/v6-m/nofp\libcr_c.a(ftell.o)
 .comment       0x00000076       0x77 c:/nxp/mcuxpressoide_11.1.1_3241/ide/plugins/com.nxp.mcuxpresso.tools.win32_11.1.0.202001081728/tools/bin/../lib/gcc/arm-none-eabi/8.3.1/../../../../arm-none-eabi/lib/thumb/v6-m/nofp\libcr_c.a(initio.o)
 .comment       0x00000076       0x77 c:/nxp/mcuxpressoide_11.1.1_3241/ide/plugins/com.nxp.mcuxpresso.tools.win32_11.1.0.202001081728/tools/bin/../lib/gcc/arm-none-eabi/8.3.1/../../../../arm-none-eabi/lib/thumb/v6-m/nofp\libcr_c.a(printf.o)
 .comment       0x00000076       0x77 c:/nxp/mcuxpressoide_11.1.1_3241/ide/plugins/com.nxp.mcuxpresso.tools.win32_11.1.0.202001081728/tools/bin/../lib/gcc/arm-none-eabi/8.3.1/../../../../arm-none-eabi/lib/thumb/v6-m/nofp\libcr_c.a(setvbuf.o)
 .comment       0x00000076       0x77 c:/nxp/mcuxpressoide_11.1.1_3241/ide/plugins/com.nxp.mcuxpresso.tools.win32_11.1.0.202001081728/tools/bin/../lib/gcc/arm-none-eabi/8.3.1/../../../../arm-none-eabi/lib/thumb/v6-m/nofp\libcr_c.a(strlen.o)
 .comment       0x00000076       0x77 c:/nxp/mcuxpressoide_11.1.1_3241/ide/plugins/com.nxp.mcuxpresso.tools.win32_11.1.0.202001081728/tools/bin/../lib/gcc/arm-none-eabi/8.3.1/../../../../arm-none-eabi/lib/thumb/v6-m/nofp\libcr_c.a(__init_alloc.o)
 .comment       0x00000076       0x77 c:/nxp/mcuxpressoide_11.1.1_3241/ide/plugins/com.nxp.mcuxpresso.tools.win32_11.1.0.202001081728/tools/bin/../lib/gcc/arm-none-eabi/8.3.1/../../../../arm-none-eabi/lib/thumb/v6-m/nofp\libcr_c.a(_cr_sbrk.o)
 .comment       0x00000076       0x77 c:/nxp/mcuxpressoide_11.1.1_3241/ide/plugins/com.nxp.mcuxpresso.tools.win32_11.1.0.202001081728/tools/bin/../lib/gcc/arm-none-eabi/8.3.1/../../../../arm-none-eabi/lib/thumb/v6-m/nofp\libcr_c.a(_fdopen.o)
 .comment       0x00000076       0x77 c:/nxp/mcuxpressoide_11.1.1_3241/ide/plugins/com.nxp.mcuxpresso.tools.win32_11.1.0.202001081728/tools/bin/../lib/gcc/arm-none-eabi/8.3.1/../../../../arm-none-eabi/lib/thumb/v6-m/nofp\libcr_c.a(errno.o)
 .comment       0x00000076       0x77 c:/nxp/mcuxpressoide_11.1.1_3241/ide/plugins/com.nxp.mcuxpresso.tools.win32_11.1.0.202001081728/tools/bin/../lib/gcc/arm-none-eabi/8.3.1/../../../../arm-none-eabi/lib/thumb/v6-m/nofp\libcr_c.a(fclose.o)
 .comment       0x00000076       0x77 c:/nxp/mcuxpressoide_11.1.1_3241/ide/plugins/com.nxp.mcuxpresso.tools.win32_11.1.0.202001081728/tools/bin/../lib/gcc/arm-none-eabi/8.3.1/../../../../arm-none-eabi/lib/thumb/v6-m/nofp\libcr_c.a(fflush.o)
 .comment       0x00000076       0x77 c:/nxp/mcuxpressoide_11.1.1_3241/ide/plugins/com.nxp.mcuxpresso.tools.win32_11.1.0.202001081728/tools/bin/../lib/gcc/arm-none-eabi/8.3.1/../../../../arm-none-eabi/lib/thumb/v6-m/nofp\libcr_c.a(remove.o)
 .comment       0x00000076       0x77 c:/nxp/mcuxpressoide_11.1.1_3241/ide/plugins/com.nxp.mcuxpresso.tools.win32_11.1.0.202001081728/tools/bin/../lib/gcc/arm-none-eabi/8.3.1/../../../../arm-none-eabi/lib/thumb/v6-m/nofp\libcr_c.a(_cr_check_heap.o)
 .comment       0x00000076       0x77 c:/nxp/mcuxpressoide_11.1.1_3241/ide/plugins/com.nxp.mcuxpresso.tools.win32_11.1.0.202001081728/tools/bin/../lib/gcc/arm-none-eabi/8.3.1/../../../../arm-none-eabi/lib/thumb/v6-m/nofp\libcr_c.a(_do_fflush.o)

.ARM.attributes
                0x00000000       0x2a
 .ARM.attributes
                0x00000000       0x2c ./startup/startup_lpc845.o
 .ARM.attributes
                0x0000002c       0x2c ./source/ProyectoFinal_TDII.o
 .ARM.attributes
                0x00000058       0x2c ./source/bluetooth.o
 .ARM.attributes
                0x00000084       0x2c ./source/display_rtc_i2c.o
 .ARM.attributes
                0x000000b0       0x2c ./source/funciones.o
 .ARM.attributes
                0x000000dc       0x32 ./source/mtb.o
 .ARM.attributes
                0x0000010e       0x2c ./source/semihost_hardfault.o
 .ARM.attributes
                0x0000013a       0x2c ./drivers/fsl_clock.o
 .ARM.attributes
                0x00000166       0x2c ./drivers/fsl_gpio.o
 .ARM.attributes
                0x00000192       0x2c ./drivers/fsl_i2c.o
 .ARM.attributes
                0x000001be       0x2c ./drivers/fsl_reset.o
 .ARM.attributes
                0x000001ea       0x2c ./drivers/fsl_sctimer.o
 .ARM.attributes
                0x00000216       0x2c ./drivers/fsl_swm.o
 .ARM.attributes
                0x00000242       0x2c ./drivers/fsl_usart.o
 .ARM.attributes
                0x0000026e       0x2c ./device/system_LPC845.o
 .ARM.attributes
                0x0000029a       0x2c ./board/board.o
 .ARM.attributes
                0x000002c6       0x2c ./board/clock_config.o
 .ARM.attributes
                0x000002f2       0x2c ./board/pin_mux.o
 .ARM.attributes
                0x0000031e       0x2c c:/nxp/mcuxpressoide_11.1.1_3241/ide/plugins/com.nxp.mcuxpresso.tools.win32_11.1.0.202001081728/tools/bin/../lib/gcc/arm-none-eabi/8.3.1/../../../../arm-none-eabi/lib/thumb/v6-m/nofp\libcr_semihost_nf.a(_cr__main.o)
 .ARM.attributes
                0x0000034a       0x2c c:/nxp/mcuxpressoide_11.1.1_3241/ide/plugins/com.nxp.mcuxpresso.tools.win32_11.1.0.202001081728/tools/bin/../lib/gcc/arm-none-eabi/8.3.1/../../../../arm-none-eabi/lib/thumb/v6-m/nofp\libcr_semihost_nf.a(_cr_assert.o)
 .ARM.attributes
                0x00000376       0x31 c:/nxp/mcuxpressoide_11.1.1_3241/ide/plugins/com.nxp.mcuxpresso.tools.win32_11.1.0.202001081728/tools/bin/../lib/gcc/arm-none-eabi/8.3.1/../../../../arm-none-eabi/lib/thumb/v6-m/nofp\libcr_semihost_nf.a(__ciob.o)
 .ARM.attributes
                0x000003a7       0x1c c:/nxp/mcuxpressoide_11.1.1_3241/ide/plugins/com.nxp.mcuxpresso.tools.win32_11.1.0.202001081728/tools/bin/../lib/gcc/arm-none-eabi/8.3.1/../../../../arm-none-eabi/lib/thumb/v6-m/nofp\libcr_semihost_nf.a(__sys_appexit.o)
 .ARM.attributes
                0x000003c3       0x2c c:/nxp/mcuxpressoide_11.1.1_3241/ide/plugins/com.nxp.mcuxpresso.tools.win32_11.1.0.202001081728/tools/bin/../lib/gcc/arm-none-eabi/8.3.1/../../../../arm-none-eabi/lib/thumb/v6-m/nofp\libcr_c.a(memset.o)
 .ARM.attributes
                0x000003ef       0x2c c:/nxp/mcuxpressoide_11.1.1_3241/ide/plugins/com.nxp.mcuxpresso.tools.win32_11.1.0.202001081728/tools/bin/../lib/gcc/arm-none-eabi/8.3.1/../../../../arm-none-eabi/lib/thumb/v6-m/nofp\libcr_c.a(_deferredlazyseek.o)
 .ARM.attributes
                0x0000041b       0x2c c:/nxp/mcuxpressoide_11.1.1_3241/ide/plugins/com.nxp.mcuxpresso.tools.win32_11.1.0.202001081728/tools/bin/../lib/gcc/arm-none-eabi/8.3.1/../../../../arm-none-eabi/lib/thumb/v6-m/nofp\libcr_c.a(_fflush.o)
 .ARM.attributes
                0x00000447       0x2c c:/nxp/mcuxpressoide_11.1.1_3241/ide/plugins/com.nxp.mcuxpresso.tools.win32_11.1.0.202001081728/tools/bin/../lib/gcc/arm-none-eabi/8.3.1/../../../../arm-none-eabi/lib/thumb/v6-m/nofp\libcr_c.a(_writebuf.o)
 .ARM.attributes
                0x00000473       0x2c c:/nxp/mcuxpressoide_11.1.1_3241/ide/plugins/com.nxp.mcuxpresso.tools.win32_11.1.0.202001081728/tools/bin/../lib/gcc/arm-none-eabi/8.3.1/../../../../arm-none-eabi/lib/thumb/v6-m/nofp\libcr_c.a(alloc.o)
 .ARM.attributes
                0x0000049f       0x2c c:/nxp/mcuxpressoide_11.1.1_3241/ide/plugins/com.nxp.mcuxpresso.tools.win32_11.1.0.202001081728/tools/bin/../lib/gcc/arm-none-eabi/8.3.1/../../../../arm-none-eabi/lib/thumb/v6-m/nofp\libcr_c.a(fputs.o)
 .ARM.attributes
                0x000004cb       0x2c c:/nxp/mcuxpressoide_11.1.1_3241/ide/plugins/com.nxp.mcuxpresso.tools.win32_11.1.0.202001081728/tools/bin/../lib/gcc/arm-none-eabi/8.3.1/../../../../arm-none-eabi/lib/thumb/v6-m/nofp\libcr_c.a(fseek.o)
 .ARM.attributes
                0x000004f7       0x2c c:/nxp/mcuxpressoide_11.1.1_3241/ide/plugins/com.nxp.mcuxpresso.tools.win32_11.1.0.202001081728/tools/bin/../lib/gcc/arm-none-eabi/8.3.1/../../../../arm-none-eabi/lib/thumb/v6-m/nofp\libcr_c.a(ftell.o)
 .ARM.attributes
                0x00000523       0x2c c:/nxp/mcuxpressoide_11.1.1_3241/ide/plugins/com.nxp.mcuxpresso.tools.win32_11.1.0.202001081728/tools/bin/../lib/gcc/arm-none-eabi/8.3.1/../../../../arm-none-eabi/lib/thumb/v6-m/nofp\libcr_c.a(initio.o)
 .ARM.attributes
                0x0000054f       0x2c c:/nxp/mcuxpressoide_11.1.1_3241/ide/plugins/com.nxp.mcuxpresso.tools.win32_11.1.0.202001081728/tools/bin/../lib/gcc/arm-none-eabi/8.3.1/../../../../arm-none-eabi/lib/thumb/v6-m/nofp\libcr_c.a(printf.o)
 .ARM.attributes
                0x0000057b       0x2c c:/nxp/mcuxpressoide_11.1.1_3241/ide/plugins/com.nxp.mcuxpresso.tools.win32_11.1.0.202001081728/tools/bin/../lib/gcc/arm-none-eabi/8.3.1/../../../../arm-none-eabi/lib/thumb/v6-m/nofp\libcr_c.a(setvbuf.o)
 .ARM.attributes
                0x000005a7       0x2c c:/nxp/mcuxpressoide_11.1.1_3241/ide/plugins/com.nxp.mcuxpresso.tools.win32_11.1.0.202001081728/tools/bin/../lib/gcc/arm-none-eabi/8.3.1/../../../../arm-none-eabi/lib/thumb/v6-m/nofp\libcr_c.a(strlen.o)
 .ARM.attributes
                0x000005d3       0x2c c:/nxp/mcuxpressoide_11.1.1_3241/ide/plugins/com.nxp.mcuxpresso.tools.win32_11.1.0.202001081728/tools/bin/../lib/gcc/arm-none-eabi/8.3.1/../../../../arm-none-eabi/lib/thumb/v6-m/nofp\libcr_c.a(__init_alloc.o)
 .ARM.attributes
                0x000005ff       0x2c c:/nxp/mcuxpressoide_11.1.1_3241/ide/plugins/com.nxp.mcuxpresso.tools.win32_11.1.0.202001081728/tools/bin/../lib/gcc/arm-none-eabi/8.3.1/../../../../arm-none-eabi/lib/thumb/v6-m/nofp\libcr_c.a(_cr_sbrk.o)
 .ARM.attributes
                0x0000062b       0x2c c:/nxp/mcuxpressoide_11.1.1_3241/ide/plugins/com.nxp.mcuxpresso.tools.win32_11.1.0.202001081728/tools/bin/../lib/gcc/arm-none-eabi/8.3.1/../../../../arm-none-eabi/lib/thumb/v6-m/nofp\libcr_c.a(_fdopen.o)
 .ARM.attributes
                0x00000657       0x31 c:/nxp/mcuxpressoide_11.1.1_3241/ide/plugins/com.nxp.mcuxpresso.tools.win32_11.1.0.202001081728/tools/bin/../lib/gcc/arm-none-eabi/8.3.1/../../../../arm-none-eabi/lib/thumb/v6-m/nofp\libcr_c.a(errno.o)
 .ARM.attributes
                0x00000688       0x2c c:/nxp/mcuxpressoide_11.1.1_3241/ide/plugins/com.nxp.mcuxpresso.tools.win32_11.1.0.202001081728/tools/bin/../lib/gcc/arm-none-eabi/8.3.1/../../../../arm-none-eabi/lib/thumb/v6-m/nofp\libcr_c.a(fclose.o)
 .ARM.attributes
                0x000006b4       0x2c c:/nxp/mcuxpressoide_11.1.1_3241/ide/plugins/com.nxp.mcuxpresso.tools.win32_11.1.0.202001081728/tools/bin/../lib/gcc/arm-none-eabi/8.3.1/../../../../arm-none-eabi/lib/thumb/v6-m/nofp\libcr_c.a(fflush.o)
 .ARM.attributes
                0x000006e0       0x2c c:/nxp/mcuxpressoide_11.1.1_3241/ide/plugins/com.nxp.mcuxpresso.tools.win32_11.1.0.202001081728/tools/bin/../lib/gcc/arm-none-eabi/8.3.1/../../../../arm-none-eabi/lib/thumb/v6-m/nofp\libcr_c.a(remove.o)
 .ARM.attributes
                0x0000070c       0x2c c:/nxp/mcuxpressoide_11.1.1_3241/ide/plugins/com.nxp.mcuxpresso.tools.win32_11.1.0.202001081728/tools/bin/../lib/gcc/arm-none-eabi/8.3.1/../../../../arm-none-eabi/lib/thumb/v6-m/nofp\libcr_c.a(_cr_check_heap.o)
 .ARM.attributes
                0x00000738       0x2c c:/nxp/mcuxpressoide_11.1.1_3241/ide/plugins/com.nxp.mcuxpresso.tools.win32_11.1.0.202001081728/tools/bin/../lib/gcc/arm-none-eabi/8.3.1/../../../../arm-none-eabi/lib/thumb/v6-m/nofp\libcr_c.a(_do_fflush.o)
 .ARM.attributes
                0x00000764       0x1c c:/nxp/mcuxpressoide_11.1.1_3241/ide/plugins/com.nxp.mcuxpresso.tools.win32_11.1.0.202001081728/tools/bin/../lib/gcc/arm-none-eabi/8.3.1/thumb/v6-m/nofp\libcr_eabihelpers.a(division_32.o)
 .ARM.attributes
                0x00000780       0x1c c:/nxp/mcuxpressoide_11.1.1_3241/ide/plugins/com.nxp.mcuxpresso.tools.win32_11.1.0.202001081728/tools/bin/../lib/gcc/arm-none-eabi/8.3.1/thumb/v6-m/nofp\libcr_eabihelpers.a(division_64.o)
 .ARM.attributes
                0x0000079c       0x1c c:/nxp/mcuxpressoide_11.1.1_3241/ide/plugins/com.nxp.mcuxpresso.tools.win32_11.1.0.202001081728/tools/bin/../lib/gcc/arm-none-eabi/8.3.1/thumb/v6-m/nofp\libcr_eabihelpers.a(division_idiv0.o)
 .ARM.attributes
                0x000007b8       0x1c c:/nxp/mcuxpressoide_11.1.1_3241/ide/plugins/com.nxp.mcuxpresso.tools.win32_11.1.0.202001081728/tools/bin/../lib/gcc/arm-none-eabi/8.3.1/thumb/v6-m/nofp\libcr_eabihelpers.a(llong.o)
 .ARM.attributes
                0x000007d4       0x1c c:/nxp/mcuxpressoide_11.1.1_3241/ide/plugins/com.nxp.mcuxpresso.tools.win32_11.1.0.202001081728/tools/bin/../lib/gcc/arm-none-eabi/8.3.1/thumb/v6-m/nofp\libcr_eabihelpers.a(memcpy.o)
 .ARM.attributes
                0x000007f0       0x1c c:/nxp/mcuxpressoide_11.1.1_3241/ide/plugins/com.nxp.mcuxpresso.tools.win32_11.1.0.202001081728/tools/bin/../lib/gcc/arm-none-eabi/8.3.1/../../../../arm-none-eabi/lib/thumb/v6-m/nofp\libcr_semihost_nf.a(__sys_close.o)
 .ARM.attributes
                0x0000080c       0x1c c:/nxp/mcuxpressoide_11.1.1_3241/ide/plugins/com.nxp.mcuxpresso.tools.win32_11.1.0.202001081728/tools/bin/../lib/gcc/arm-none-eabi/8.3.1/../../../../arm-none-eabi/lib/thumb/v6-m/nofp\libcr_semihost_nf.a(__sys_flen.o)
 .ARM.attributes
                0x00000828       0x1c c:/nxp/mcuxpressoide_11.1.1_3241/ide/plugins/com.nxp.mcuxpresso.tools.win32_11.1.0.202001081728/tools/bin/../lib/gcc/arm-none-eabi/8.3.1/../../../../arm-none-eabi/lib/thumb/v6-m/nofp\libcr_semihost_nf.a(__sys_istty.o)
 .ARM.attributes
                0x00000844       0x1c c:/nxp/mcuxpressoide_11.1.1_3241/ide/plugins/com.nxp.mcuxpresso.tools.win32_11.1.0.202001081728/tools/bin/../lib/gcc/arm-none-eabi/8.3.1/../../../../arm-none-eabi/lib/thumb/v6-m/nofp\libcr_semihost_nf.a(__sys_remove.o)
 .ARM.attributes
                0x00000860       0x1c c:/nxp/mcuxpressoide_11.1.1_3241/ide/plugins/com.nxp.mcuxpresso.tools.win32_11.1.0.202001081728/tools/bin/../lib/gcc/arm-none-eabi/8.3.1/../../../../arm-none-eabi/lib/thumb/v6-m/nofp\libcr_semihost_nf.a(__sys_seek.o)
 .ARM.attributes
                0x0000087c       0x1c c:/nxp/mcuxpressoide_11.1.1_3241/ide/plugins/com.nxp.mcuxpresso.tools.win32_11.1.0.202001081728/tools/bin/../lib/gcc/arm-none-eabi/8.3.1/../../../../arm-none-eabi/lib/thumb/v6-m/nofp\libcr_semihost_nf.a(__sys_tmpnam.o)
 .ARM.attributes
                0x00000898       0x1c c:/nxp/mcuxpressoide_11.1.1_3241/ide/plugins/com.nxp.mcuxpresso.tools.win32_11.1.0.202001081728/tools/bin/../lib/gcc/arm-none-eabi/8.3.1/../../../../arm-none-eabi/lib/thumb/v6-m/nofp\libcr_semihost_nf.a(__sys_write.o)

.debug_frame    0x00000000     0x1f68
 .debug_frame   0x00000000      0x3b0 ./startup/startup_lpc845.o
 .debug_frame   0x000003b0       0x34 ./source/ProyectoFinal_TDII.o
 .debug_frame   0x000003e4      0x1f4 ./source/bluetooth.o
 .debug_frame   0x000005d8      0x1fc ./source/display_rtc_i2c.o
 .debug_frame   0x000007d4      0x210 ./source/funciones.o
 .debug_frame   0x000009e4       0x20 ./source/semihost_hardfault.o
 .debug_frame   0x00000a04      0x3ac ./drivers/fsl_clock.o
 .debug_frame   0x00000db0       0x70 ./drivers/fsl_gpio.o
 .debug_frame   0x00000e20      0x6a4 ./drivers/fsl_i2c.o
 .debug_frame   0x000014c4       0x70 ./drivers/fsl_reset.o
 .debug_frame   0x00001534      0x2e8 ./drivers/fsl_sctimer.o
 .debug_frame   0x0000181c       0x50 ./drivers/fsl_swm.o
 .debug_frame   0x0000186c      0x43c ./drivers/fsl_usart.o
 .debug_frame   0x00001ca8       0x68 ./device/system_LPC845.o
 .debug_frame   0x00001d10       0x2c ./board/board.o
 .debug_frame   0x00001d3c      0x120 ./board/clock_config.o
 .debug_frame   0x00001e5c      0x10c ./board/pin_mux.o

Cross Reference Table

Symbol                                            File
ADC0_OVR_DriverIRQHandler                         ./startup/startup_lpc845.o
ADC0_OVR_IRQHandler                               ./startup/startup_lpc845.o
ADC0_SEQA_DriverIRQHandler                        ./startup/startup_lpc845.o
ADC0_SEQA_IRQHandler                              ./startup/startup_lpc845.o
ADC0_SEQB_DriverIRQHandler                        ./startup/startup_lpc845.o
ADC0_SEQB_IRQHandler                              ./startup/startup_lpc845.o
ADC0_THCMP_DriverIRQHandler                       ./startup/startup_lpc845.o
ADC0_THCMP_IRQHandler                             ./startup/startup_lpc845.o
BOARD_BootClockFRO18M                             ./board/clock_config.o
                                                  ./source/ProyectoFinal_TDII.o
BOARD_BootClockFRO24M                             ./board/clock_config.o
BOARD_BootClockFRO30M                             ./board/clock_config.o
BOARD_BootClockPll24M                             ./board/clock_config.o
BOARD_InitBUTTONsPins                             ./board/pin_mux.o
BOARD_InitBootClocks                              ./board/clock_config.o
BOARD_InitBootPeripherals                         ./board/peripherals.o
BOARD_InitBootPins                                ./board/pin_mux.o
                                                  ./source/ProyectoFinal_TDII.o
BOARD_InitDEBUG_UARTPins                          ./board/pin_mux.o
BOARD_InitDebugConsole                            ./board/board.o
                                                  ./source/ProyectoFinal_TDII.o
BOARD_InitLEDsPins                                ./board/pin_mux.o
BOARD_InitSWD_DEBUGPins                           ./board/pin_mux.o
BOD_DriverIRQHandler                              ./startup/startup_lpc845.o
BOD_IRQHandler                                    ./startup/startup_lpc845.o
Bluetooth_Init                                    ./source/bluetooth.o
                                                  ./source/ProyectoFinal_TDII.o
Bluetooth_ReceiveHorario                          ./source/bluetooth.o
                                                  ./source/ProyectoFinal_TDII.o
Bluetooth_SendChar                                ./source/bluetooth.o
Bluetooth_SendFlag                                ./source/bluetooth.o
Bluetooth_SendHorario                             ./source/bluetooth.o
                                                  ./source/ProyectoFinal_TDII.o
CLOCK_GetClockOutClkFreq                          ./drivers/fsl_clock.o
CLOCK_GetFRG0ClkFreq                              ./drivers/fsl_clock.o
CLOCK_GetFRG1ClkFreq                              ./drivers/fsl_clock.o
CLOCK_GetFreq                                     ./drivers/fsl_clock.o
                                                  ./source/bluetooth.o
CLOCK_GetFroFreq                                  ./drivers/fsl_clock.o
CLOCK_GetMainClkFreq                              ./drivers/fsl_clock.o
CLOCK_GetSystemPLLInClockRate                     ./drivers/fsl_clock.o
CLOCK_GetUart0ClkFreq                             ./drivers/fsl_clock.o
CLOCK_GetUart1ClkFreq                             ./drivers/fsl_clock.o
CLOCK_GetUart2ClkFreq                             ./drivers/fsl_clock.o
CLOCK_GetUart3ClkFreq                             ./drivers/fsl_clock.o
CLOCK_GetUart4ClkFreq                             ./drivers/fsl_clock.o
CLOCK_InitExtClkin                                ./drivers/fsl_clock.o
CLOCK_InitSysOsc                                  ./drivers/fsl_clock.o
CLOCK_InitSystemPll                               ./drivers/fsl_clock.o
                                                  ./board/clock_config.o
CLOCK_InitWdtOsc                                  ./drivers/fsl_clock.o
CLOCK_InitXtalin                                  ./drivers/fsl_clock.o
CLOCK_SetFRG0ClkFreq                              ./drivers/fsl_clock.o
CLOCK_SetFRG1ClkFreq                              ./drivers/fsl_clock.o
CLOCK_SetFroOutClkSrc                             ./drivers/fsl_clock.o
                                                  ./board/clock_config.o
CLOCK_SetMainClkSrc                               ./drivers/fsl_clock.o
                                                  ./board/clock_config.o
CMP_CAPT_DriverIRQHandler                         ./startup/startup_lpc845.o
CMP_CAPT_IRQHandler                               ./startup/startup_lpc845.o
CTIMER0_DriverIRQHandler                          ./startup/startup_lpc845.o
CTIMER0_IRQHandler                                ./startup/startup_lpc845.o
DAC0_DriverIRQHandler                             ./startup/startup_lpc845.o
DAC0_IRQHandler                                   ./startup/startup_lpc845.o
DMA0_DriverIRQHandler                             ./startup/startup_lpc845.o
DMA0_IRQHandler                                   ./startup/startup_lpc845.o
DbgConsole_Deinit                                 ./utilities/fsl_debug_console.o
DbgConsole_Init                                   ./utilities/fsl_debug_console.o
DisableDeepSleepIRQ                               ./drivers/fsl_power.o
EditarHorarios                                    ./source/display_rtc_i2c.o
                                                  ./source/ProyectoFinal_TDII.o
EnableDeepSleepIRQ                                ./drivers/fsl_power.o
ExtClockIn                                        ./board/board.o
FLASH_DriverIRQHandler                            ./startup/startup_lpc845.o
FLASH_IRQHandler                                  ./startup/startup_lpc845.o
GPIO_Inicializacion                               ./source/funciones.o
                                                  ./source/ProyectoFinal_TDII.o
GPIO_PinInit                                      ./drivers/fsl_gpio.o
                                                  ./source/funciones.o
GPIO_PortInit                                     ./drivers/fsl_gpio.o
                                                  ./source/funciones.o
HAL_UartDeinit                                    ./component/uart/miniusart_adapter.o
                                                  ./utilities/fsl_debug_console.o
HAL_UartEnterLowpower                             ./component/uart/miniusart_adapter.o
HAL_UartExitLowpower                              ./component/uart/miniusart_adapter.o
HAL_UartInit                                      ./component/uart/miniusart_adapter.o
                                                  ./utilities/fsl_debug_console.o
HAL_UartReceiveBlocking                           ./component/uart/miniusart_adapter.o
                                                  ./utilities/fsl_debug_console.o
HAL_UartSendBlocking                              ./component/uart/miniusart_adapter.o
                                                  ./utilities/fsl_debug_console.o
HardFault_Handler                                 ./source/semihost_hardfault.o
                                                  ./startup/startup_lpc845.o
I2C0_DriverIRQHandler                             ./drivers/fsl_i2c.o
                                                  ./startup/startup_lpc845.o
I2C0_IRQHandler                                   ./startup/startup_lpc845.o
I2C1_DriverIRQHandler                             ./drivers/fsl_i2c.o
                                                  ./startup/startup_lpc845.o
I2C1_IRQHandler                                   ./startup/startup_lpc845.o
I2C2_DriverIRQHandler                             ./drivers/fsl_i2c.o
                                                  ./startup/startup_lpc845.o
I2C2_IRQHandler                                   ./startup/startup_lpc845.o
I2C3_DriverIRQHandler                             ./startup/startup_lpc845.o
I2C3_IRQHandler                                   ./startup/startup_lpc845.o
I2C_GetInstance                                   ./drivers/fsl_i2c.o
I2C_Inicializacion                                ./source/funciones.o
                                                  ./source/ProyectoFinal_TDII.o
I2C_MasterDeinit                                  ./drivers/fsl_i2c.o
I2C_MasterGetDefaultConfig                        ./drivers/fsl_i2c.o
                                                  ./source/funciones.o
I2C_MasterInit                                    ./drivers/fsl_i2c.o
                                                  ./source/funciones.o
I2C_MasterReadBlocking                            ./drivers/fsl_i2c.o
I2C_MasterSetBaudRate                             ./drivers/fsl_i2c.o
I2C_MasterStart                                   ./drivers/fsl_i2c.o
I2C_MasterStop                                    ./drivers/fsl_i2c.o
I2C_MasterTransferAbort                           ./drivers/fsl_i2c.o
I2C_MasterTransferBlocking                        ./drivers/fsl_i2c.o
                                                  ./source/display_rtc_i2c.o
I2C_MasterTransferCreateHandle                    ./drivers/fsl_i2c.o
I2C_MasterTransferGetCount                        ./drivers/fsl_i2c.o
I2C_MasterTransferHandleIRQ                       ./drivers/fsl_i2c.o
I2C_MasterTransferNonBlocking                     ./drivers/fsl_i2c.o
I2C_MasterWriteBlocking                           ./drivers/fsl_i2c.o
I2C_SlaveDeinit                                   ./drivers/fsl_i2c.o
I2C_SlaveGetDefaultConfig                         ./drivers/fsl_i2c.o
I2C_SlaveInit                                     ./drivers/fsl_i2c.o
I2C_SlaveReadBlocking                             ./drivers/fsl_i2c.o
I2C_SlaveSetAddress                               ./drivers/fsl_i2c.o
I2C_SlaveSetReceiveBuffer                         ./drivers/fsl_i2c.o
I2C_SlaveSetSendBuffer                            ./drivers/fsl_i2c.o
I2C_SlaveTransferAbort                            ./drivers/fsl_i2c.o
I2C_SlaveTransferCreateHandle                     ./drivers/fsl_i2c.o
I2C_SlaveTransferGetCount                         ./drivers/fsl_i2c.o
I2C_SlaveTransferHandleIRQ                        ./drivers/fsl_i2c.o
I2C_SlaveTransferNonBlocking                      ./drivers/fsl_i2c.o
I2C_SlaveWriteBlocking                            ./drivers/fsl_i2c.o
IntDefaultHandler                                 ./startup/startup_lpc845.o
LCD_Char                                          ./source/display_rtc_i2c.o
LCD_Clear                                         ./source/display_rtc_i2c.o
                                                  ./source/ProyectoFinal_TDII.o
LCD_Init                                          ./source/display_rtc_i2c.o
                                                  ./source/ProyectoFinal_TDII.o
LCD_Print                                         ./source/display_rtc_i2c.o
LCD_SendByte                                      ./source/display_rtc_i2c.o
LCD_SetCursor                                     ./source/display_rtc_i2c.o
LCD_ToggleEnable                                  ./source/display_rtc_i2c.o
MRT0_DriverIRQHandler                             ./startup/startup_lpc845.o
MRT0_IRQHandler                                   ./startup/startup_lpc845.o
MostrarPantallaNormal                             ./source/display_rtc_i2c.o
                                                  ./source/ProyectoFinal_TDII.o
NMI_Handler                                       ./startup/startup_lpc845.o
PIN_INT0_DriverIRQHandler                         ./startup/startup_lpc845.o
PIN_INT0_IRQHandler                               ./startup/startup_lpc845.o
PIN_INT1_DriverIRQHandler                         ./startup/startup_lpc845.o
PIN_INT1_IRQHandler                               ./startup/startup_lpc845.o
PIN_INT2_DriverIRQHandler                         ./startup/startup_lpc845.o
PIN_INT2_IRQHandler                               ./startup/startup_lpc845.o
PIN_INT3_DriverIRQHandler                         ./startup/startup_lpc845.o
PIN_INT3_IRQHandler                               ./startup/startup_lpc845.o
PIN_INT4_DriverIRQHandler                         ./startup/startup_lpc845.o
PIN_INT4_IRQHandler                               ./startup/startup_lpc845.o
PIN_INT5_DAC1_DriverIRQHandler                    ./startup/startup_lpc845.o
PIN_INT5_DAC1_IRQHandler                          ./startup/startup_lpc845.o
PIN_INT6_USART3_DriverIRQHandler                  ./drivers/fsl_usart.o
                                                  ./startup/startup_lpc845.o
PIN_INT6_USART3_IRQHandler                        ./startup/startup_lpc845.o
PIN_INT7_USART4_DriverIRQHandler                  ./drivers/fsl_usart.o
                                                  ./startup/startup_lpc845.o
PIN_INT7_USART4_IRQHandler                        ./startup/startup_lpc845.o
POWER_EnterDeepPowerDownMode                      ./drivers/fsl_power.o
POWER_EnterDeepSleep                              ./drivers/fsl_power.o
POWER_EnterPowerDown                              ./drivers/fsl_power.o
POWER_EnterSleep                                  ./drivers/fsl_power.o
PendSV_Handler                                    ./startup/startup_lpc845.o
RESET_PeripheralReset                             ./drivers/fsl_reset.o
                                                  ./drivers/fsl_usart.o