fsl_clock.h:441:20:CLOCK_EnableClock	16	static
fsl_clock.h:452:20:CLOCK_DisableClock	16	static
fsl_sctimer.h:484:20:SCTIMER_StartTimer	16	static
fsl_sctimer.h:505:20:SCTIMER_StopTimer	16	static
fsl_sctimer.h:661:20:SCTIMER_SetupOutputSetAction	24	static
fsl_sctimer.h:677:20:SCTIMER_SetupOutputClearAction	24	static
fsl_sctimer.h:705:20:SCTIMER_SetupCounterLimitAction	24	static
fsl_sctimer.c:76:17:SCTIMER_GetInstance	24	static
fsl_sctimer.c:95:10:SCTIMER_GetCurrentEvent	8	static
fsl_sctimer.c:109:10:SCTIMER_Init	24	static
fsl_sctimer.c:165:6:SCTIMER_Deinit	16	static
fsl_sctimer.c:193:6:SCTIMER_GetDefaultConfig	16	static
fsl_sctimer.c:258:10:SCTIMER_SetupPwm	64	static
fsl_sctimer.c:391:6:SCTIMER_UpdatePwmDutycycle	48	static
fsl_sctimer.c:451:10:SCTIMER_CreateAndScheduleEvent	40	static
fsl_sctimer.c:560:6:SCTIMER_ScheduleEvent	16	static
fsl_sctimer.c:578:10:SCTIMER_IncreaseState	24	static
fsl_sctimer.c:604:10:SCTIMER_GetCurrentState	16	static
fsl_sctimer.c:618:6:SCTIMER_SetupOutputToggleAction	32	static
fsl_sctimer.c:648:10:SCTIMER_SetupCaptureAction	32	static
fsl_sctimer.c:703:6:SCTIMER_SetCallback	24	static
fsl_sctimer.c:713:6:SCTIMER_EventHandleIRQ	32	static
fsl_sctimer.c:744:6:SCT0_DriverIRQHandler	8	static
